Archive member included to satisfy reference by file (symbol)

ym/microbit/source/microbit.a(MicroBit.cpp.o)
                              source/CMakeFiles/iot-example.dir/home/student/iotChallengeTwo/source/main.cpp.o (MicroBit::MicroBit())
ym/microbit-dal/source/microbit-dal.a(MicroBitDevice.cpp.o)
                              ym/microbit/source/microbit.a(MicroBit.cpp.o) (microbit_serial_number())
ym/microbit-dal/source/microbit-dal.a(MicroBitFiber.cpp.o)
                              ym/microbit/source/microbit.a(MicroBit.cpp.o) (scheduler_init(EventModel&))
ym/microbit-dal/source/microbit-dal.a(MicroBitFont.cpp.o)
                              ym/microbit-dal/source/microbit-dal.a(MicroBitDevice.cpp.o) (MicroBitFont::defaultFont)
ym/microbit-dal/source/microbit-dal.a(MicroBitHeapAllocator.cpp.o)
                              ym/microbit/source/microbit.a(MicroBit.cpp.o) (microbit_create_heap(unsigned long, unsigned long))
ym/microbit-dal/source/microbit-dal.a(MicroBitListener.cpp.o)
                              source/CMakeFiles/iot-example.dir/home/student/iotChallengeTwo/source/genInOut.cpp.o (MicroBitListener::MicroBitListener(unsigned short, unsigned short, void (*)(MicroBitEvent), unsigned short))
ym/microbit-dal/source/microbit-dal.a(MicroBitSystemTimer.cpp.o)
                              ym/microbit-dal/source/microbit-dal.a(MicroBitFiber.cpp.o) (system_timer_current_time())
ym/microbit-dal/source/microbit-dal.a(ManagedString.cpp.o)
                              source/CMakeFiles/iot-example.dir/home/student/iotChallengeTwo/source/morse.cpp.o (ManagedString::~ManagedString())
ym/microbit-dal/source/microbit-dal.a(MicroBitEvent.cpp.o)
                              ym/microbit/source/microbit.a(MicroBit.cpp.o) (MicroBitEvent::MicroBitEvent())
ym/microbit-dal/source/microbit-dal.a(PacketBuffer.cpp.o)
                              ym/microbit-dal/source/microbit-dal.a(ManagedString.cpp.o) (PacketBuffer::getBytes())
ym/microbit-dal/source/microbit-dal.a(RefCounted.cpp.o)
                              ym/microbit-dal/source/microbit-dal.a(ManagedString.cpp.o) (RefCounted::init())
ym/microbit-dal/source/microbit-dal.a(MicroBitAccelerometer.cpp.o)
                              source/CMakeFiles/iot-example.dir/home/student/iotChallengeTwo/source/main.cpp.o (MicroBitAccelerometer::~MicroBitAccelerometer())
ym/microbit-dal/source/microbit-dal.a(MicroBitButton.cpp.o)
                              source/CMakeFiles/iot-example.dir/home/student/iotChallengeTwo/source/main.cpp.o (MicroBitButton::~MicroBitButton())
ym/microbit-dal/source/microbit-dal.a(MicroBitCompass.cpp.o)
                              source/CMakeFiles/iot-example.dir/home/student/iotChallengeTwo/source/main.cpp.o (MicroBitCompass::~MicroBitCompass())
ym/microbit-dal/source/microbit-dal.a(MicroBitCompassCalibrator.cpp.o)
                              ym/microbit/source/microbit.a(MicroBit.cpp.o) (MicroBitCompassCalibrator::MicroBitCompassCalibrator(MicroBitCompass&, MicroBitAccelerometer&, MicroBitDisplay&))
ym/microbit-dal/source/microbit-dal.a(MicroBitDisplay.cpp.o)
                              source/CMakeFiles/iot-example.dir/home/student/iotChallengeTwo/source/main.cpp.o (MicroBitDisplay::~MicroBitDisplay())
ym/microbit-dal/source/microbit-dal.a(MicroBitI2C.cpp.o)
                              ym/microbit/source/microbit.a(MicroBit.cpp.o) (MicroBitI2C::MicroBitI2C(PinName, PinName))
ym/microbit-dal/source/microbit-dal.a(MicroBitIO.cpp.o)
                              ym/microbit/source/microbit.a(MicroBit.cpp.o) (MicroBitIO::MicroBitIO(int, int, int, int, int, int, int, int, int, int, int, int, int, int, int, int, int, int, int))
ym/microbit-dal/source/microbit-dal.a(MicroBitLightSensor.cpp.o)
                              ym/microbit-dal/source/microbit-dal.a(MicroBitDisplay.cpp.o) (MicroBitLightSensor::read())
ym/microbit-dal/source/microbit-dal.a(MicroBitMessageBus.cpp.o)
                              ym/microbit/source/microbit.a(MicroBit.cpp.o) (MicroBitMessageBus::add(MicroBitListener*))
ym/microbit-dal/source/microbit-dal.a(MicroBitMultiButton.cpp.o)
                              ym/microbit/source/microbit.a(MicroBit.cpp.o) (MicroBitMultiButton::setEventConfiguration(MicroBitButtonEventConfiguration))
ym/microbit-dal/source/microbit-dal.a(MicroBitPin.cpp.o)
                              ym/microbit-dal/source/microbit-dal.a(MicroBitIO.cpp.o) (MicroBitPin::MicroBitPin(int, PinName, PinCapability))
ym/microbit-dal/source/microbit-dal.a(MicroBitRadio.cpp.o)
                              ym/microbit/source/microbit.a(MicroBit.cpp.o) (MicroBitRadio::MicroBitRadio(unsigned short))
ym/microbit-dal/source/microbit-dal.a(MicroBitRadioDatagram.cpp.o)
                              ym/microbit-dal/source/microbit-dal.a(MicroBitRadio.cpp.o) (MicroBitRadioDatagram::MicroBitRadioDatagram(MicroBitRadio&))
ym/microbit-dal/source/microbit-dal.a(MicroBitRadioEvent.cpp.o)
[...]
Memory Configuration

Name             Origin             Length             Attributes
FLASH            0x0000000000018000 0x0000000000028000 xr
RAM              0x0000000020002000 0x0000000000002000 xrw
*default*        0x0000000000000000 0xffffffffffffffff

Linker script and memory map

LOAD /usr/bin/../lib/gcc/arm-none-eabi/7.2.1/thumb/v6-m/crti.o
LOAD /usr/bin/../lib/gcc/arm-none-eabi/7.2.1/thumb/v6-m/crtbegin.o
LOAD /usr/bin/../lib/gcc/arm-none-eabi/7.2.1/../../../../arm-none-eabi/lib/thumb/v6-m/crt0.o
START GROUP
LOAD source/CMakeFiles/iot-example.dir/home/student/iotChallengeTwo/source/morse.cpp.o
LOAD source/CMakeFiles/iot-example.dir/home/student/iotChallengeTwo/source/genInOut.cpp.o
LOAD source/CMakeFiles/iot-example.dir/home/student/iotChallengeTwo/source/main.cpp.o
LOAD ym/microbit/source/microbit.a
LOAD ym/microbit-dal/source/microbit-dal.a
LOAD ym/ble/source/ble.a
LOAD ym/ble-nrf51822/source/ble-nrf51822.a
LOAD ym/ble/source/ble.a
LOAD ym/ble-nrf51822/source/ble-nrf51822.a
LOAD ym/nrf51-sdk/source/nrf51-sdk.a
LOAD ym/mbed-classic/existing/mbed-classic.a
LOAD /usr/bin/../lib/gcc/arm-none-eabi/7.2.1/../../../../arm-none-eabi/lib/thumb/v6-m/libnosys.a
LOAD /usr/bin/../lib/gcc/arm-none-eabi/7.2.1/../../../../arm-none-eabi/lib/thumb/v6-m/libstdc++_nano.a
LOAD /usr/bin/../lib/gcc/arm-none-eabi/7.2.1/../../../../arm-none-eabi/lib/thumb/v6-m/libsupc++_nano.a
LOAD /usr/bin/../lib/gcc/arm-none-eabi/7.2.1/thumb/v6-m/libgcc.a
LOAD /usr/bin/../lib/gcc/arm-none-eabi/7.2.1/../../../../arm-none-eabi/lib/thumb/v6-m/libstdc++_nano.a
LOAD /usr/bin/../lib/gcc/arm-none-eabi/7.2.1/../../../../arm-none-eabi/lib/thumb/v6-m/libsupc++_nano.a
LOAD /usr/bin/../lib/gcc/arm-none-eabi/7.2.1/../../../../arm-none-eabi/lib/thumb/v6-m/libm.a
LOAD /usr/bin/../lib/gcc/arm-none-eabi/7.2.1/../../../../arm-none-eabi/lib/thumb/v6-m/libc_nano.a
LOAD /usr/bin/../lib/gcc/arm-none-eabi/7.2.1/thumb/v6-m/libgcc.a
END GROUP
LOAD /usr/bin/../lib/gcc/arm-none-eabi/7.2.1/../../../../arm-none-eabi/lib/thumb/v6-m/libstdc++_nano.a
LOAD /usr/bin/../lib/gcc/arm-none-eabi/7.2.1/../../../../arm-none-eabi/lib/thumb/v6-m/libm.a
LOAD /usr/bin/../lib/gcc/arm-none-eabi/7.2.1/../../../../arm-none-eabi/lib/thumb/v6-m/libc_nano.a
START GROUP
LOAD /usr/bin/../lib/gcc/arm-none-eabi/7.2.1/thumb/v6-m/libgcc.a
LOAD /usr/bin/../lib/gcc/arm-none-eabi/7.2.1/../../../../arm-none-eabi/lib/thumb/v6-m/libc_nano.a
END GROUP
START GROUP
LOAD /usr/bin/../lib/gcc/arm-none-eabi/7.2.1/thumb/v6-m/libgcc.a
LOAD /usr/bin/../lib/gcc/arm-none-eabi/7.2.1/../../../../arm-none-eabi/lib/thumb/v6-m/libc_nano.a
END GROUP
LOAD /usr/bin/../lib/gcc/arm-none-eabi/7.2.1/thumb/v6-m/crtend.o
LOAD /usr/bin/../lib/gcc/arm-none-eabi/7.2.1/thumb/v6-m/crtn.o

.text           0x0000000000018000    0x124f8
 *(SORT_BY_ALIGNMENT(.Vectors))
 .Vectors       0x0000000000018000       0xc0 ym/mbed-classic/existing/mbed-classic.a(startup_NRF51822.S.obj)
                0x0000000000018000                __Vectors
 *(SORT_BY_ALIGNMENT(.text*))
 .text          0x00000000000180c0       0x48 /usr/bin/../lib/gcc/arm-none-eabi/7.2.1/thumb/v6-m/crtbegin.o
 .text          0x0000000000018108       0x78 /usr/bin/../lib/gcc/arm-none-eabi/7.2.1/../../../../arm-none-eabi/lib/thumb/v6-m/crt0.o
                0x0000000000018108                _mainCRTStartup
                0x0000000000018108                _start
 .text._Z8morseDecv
                0x0000000000018180       0x5c source/CMakeFiles/iot-example.dir/home/student/iotChallengeTwo/source/morse.cpp.o
                0x0000000000018180                morseDec()
 .text._Z12buttonAClick13MicroBitEvent
                0x00000000000181dc       0x1c source/CMakeFiles/iot-example.dir/home/student/iotChallengeTwo/source/genInOut.cpp.o
                0x00000000000181dc                buttonAClick(MicroBitEvent)
 .text._Z11buttonAHold13MicroBitEvent
                0x00000000000181f8       0x1c source/CMakeFiles/iot-example.dir/home/student/iotChallengeTwo/source/genInOut.cpp.o
                0x00000000000181f8                buttonAHold(MicroBitEvent)
 .text._Z12buttonBClick13MicroBitEvent
                0x0000000000018214       0x28 source/CMakeFiles/iot-example.dir/home/student/iotChallengeTwo/source/genInOut.cpp.o
                0x0000000000018214                buttonBClick(MicroBitEvent)
 .text._ZN10EventModel6listenEiiPFv13MicroBitEventEt
                0x000000000001823c       0x60 source/CMakeFiles/iot-example.dir/home/student/iotChallengeTwo/source/genInOut.cpp.o
                0x000000000001823c                EventModel::listen(int, int, void (*)(MicroBitEvent), unsigned short)
 .text._Z10charToSendv
                0x000000000001829c      0x10c source/CMakeFiles/iot-example.dir/home/student/iotChallengeTwo/source/genInOut.cpp.o
                0x000000000001829c                charToSend()
 .text._ZN14MicroBitSerialD2Ev
                0x00000000000183a8       0x18 source/CMakeFiles/iot-example.dir/home/student/iotChallengeTwo/source/main.cpp.o
                0x00000000000183a8                MicroBitSerial::~MicroBitSerial()
                0x00000000000183a8                MicroBitSerial::~MicroBitSerial()
 .text.startup.main
                0x00000000000183c0       0x18 source/CMakeFiles/iot-example.dir/home/student/iotChallengeTwo/source/main.cpp.o
                0x00000000000183c0                main
 .text.startup._GLOBAL__sub_I_uBit
                0x00000000000183d8       0x24 source/CMakeFiles/iot-example.dir/home/student/iotChallengeTwo/source/main.cpp.o
 .text._ZN8MicroBitD2Ev
                0x00000000000183fc       0x6c source/CMakeFiles/iot-example.dir/home/student/iotChallengeTwo/source/main.cpp.o
                0x00000000000183fc                MicroBit::~MicroBit()
                0x00000000000183fc                MicroBit::~MicroBit()
 .text._ZN8MicroBitC2Ev
                0x0000000000018468      0x180 ym/microbit/source/microbit.a(MicroBit.cpp.o)
                0x0000000000018468                MicroBit::MicroBit()
                0x0000000000018468                MicroBit::MicroBit()
 .text._ZN8MicroBit4initEv
                0x00000000000185e8      0x184 ym/microbit/source/microbit.a(MicroBit.cpp.o)
                0x00000000000185e8                MicroBit::init()
 .text.NVIC_SystemReset
                0x000000000001876c       0x18 ym/microbit-dal/source/microbit-dal.a(MicroBitDevice.cpp.o)
 .text._Z22microbit_friendly_namev
                0x0000000000018784       0x68 ym/microbit-dal/source/microbit-dal.a(MicroBitDevice.cpp.o)
                0x0000000000018784                microbit_friendly_name()
 .text._Z14microbit_panici
                0x00000000000187ec      0x170 ym/microbit-dal/source/microbit-dal.a(MicroBitDevice.cpp.o)
                0x00000000000187ec                microbit_panic(int)
 .text._Z20microbit_seed_randomv
                0x000000000001895c       0x60 ym/microbit-dal/source/microbit-dal.a(MicroBitDevice.cpp.o)
                0x000000000001895c                microbit_seed_random()
 .text._Z14scheduler_tickv
                0x00000000000189bc       0x38 ym/microbit-dal/source/microbit-dal.a(MicroBitFiber.cpp.o)
                0x00000000000189bc                scheduler_tick()
 .text._Z15scheduler_event13MicroBitEvent
                0x00000000000189f4       0xcc ym/microbit-dal/source/microbit-dal.a(MicroBitFiber.cpp.o)
                0x00000000000189f4                scheduler_event(MicroBitEvent)
 .text._Z15getFiberContextv
                0x0000000000018ac0       0x3c ym/microbit-dal/source/microbit-dal.a(MicroBitFiber.cpp.o)
                0x0000000000018ac0                getFiberContext()
 .text._Z23fiber_scheduler_runningv
                0x0000000000018afc       0x10 ym/microbit-dal/source/microbit-dal.a(MicroBitFiber.cpp.o)
                0x0000000000018afc                fiber_scheduler_running()
 .text._Z14scheduler_initR10EventModel
                0x0000000000018b0c       0xa8 ym/microbit-dal/source/microbit-dal.a(MicroBitFiber.cpp.o)
                0x0000000000018b0c                scheduler_init(EventModel&)
 .text._Z14__create_fibermmmi
                0x0000000000018bb4       0x50 ym/microbit-dal/source/microbit-dal.a(MicroBitFiber.cpp.o)
                0x0000000000018bb4                __create_fiber(unsigned long, unsigned long, unsigned long, int)
 .text._Z24scheduler_runqueue_emptyv
                0x0000000000018c04       0x10 ym/microbit-dal/source/microbit-dal.a(MicroBitFiber.cpp.o)
                0x0000000000018c04                scheduler_runqueue_empty()
 .text._Z24fiber_add_idle_componentP17MicroBitComponent
                0x0000000000018c14       0x1c ym/microbit-dal/source/microbit-dal.a(MicroBitFiber.cpp.o)
                0x0000000000018c14                fiber_add_idle_component(MicroBitComponent*)
 .text._Z27fiber_remove_idle_componentP17MicroBitComponent
                0x0000000000018c30       0x1c ym/microbit-dal/source/microbit-dal.a(MicroBitFiber.cpp.o)
                0x0000000000018c30                fiber_remove_idle_component(MicroBitComponent*)
 .text._Z4idlev
                0x0000000000018c4c       0x30 ym/microbit-dal/source/microbit-dal.a(MicroBitFiber.cpp.o)
                0x0000000000018c4c                idle()
 .text._Z8schedulev
                0x0000000000018c7c       0xc8 ym/microbit-dal/source/microbit-dal.a(MicroBitFiber.cpp.o)
                0x0000000000018c7c                schedule()
 .text._Z11fiber_sleepm
                0x0000000000018d44       0x54 ym/microbit-dal/source/microbit-dal.a(MicroBitFiber.cpp.o)
                0x0000000000018d44                fiber_sleep(unsigned long)
 .text._Z19fiber_wake_on_eventtt
                0x0000000000018d98       0x9c ym/microbit-dal/source/microbit-dal.a(MicroBitFiber.cpp.o)
                0x0000000000018d98                fiber_wake_on_event(unsigned short, unsigned short)
 .text._Z13release_fiberv
                0x0000000000018e34       0x28 ym/microbit-dal/source/microbit-dal.a(MicroBitFiber.cpp.o)
                0x0000000000018e34                release_fiber()
 .text._Z6invokePFvPvES_
                0x0000000000018e5c       0x80 ym/microbit-dal/source/microbit-dal.a(MicroBitFiber.cpp.o)
                0x0000000000018e5c                invoke(void (*)(void*), void*)
 .text._ZN12MicroBitFont13getSystemFontEv
                0x0000000000018edc       0x10 ym/microbit-dal/source/microbit-dal.a(MicroBitFont.cpp.o)
                0x0000000000018edc                MicroBitFont::getSystemFont()
 .text.startup._GLOBAL__sub_I__ZN12MicroBitFont11defaultFontE
                0x0000000000018eec       0x18 ym/microbit-dal/source/microbit-dal.a(MicroBitFont.cpp.o)
 .text._Z20microbit_create_heapmm
                0x0000000000018f04       0x54 ym/microbit-dal/source/microbit-dal.a(MicroBitHeapAllocator.cpp.o)
                0x0000000000018f04                microbit_create_heap(unsigned long, unsigned long)
 .text._Z27microbit_create_nested_heapf
                0x0000000000018f58       0x70 ym/microbit-dal/source/microbit-dal.a(MicroBitHeapAllocator.cpp.o)
                0x0000000000018f58                microbit_create_nested_heap(float)
 .text._Z15microbit_mallocj
                0x0000000000018fc8       0x40 ym/microbit-dal/source/microbit-dal.a(MicroBitHeapAllocator.cpp.o)
                0x0000000000018fc8                microbit_malloc(unsigned int)
 .text._Z13microbit_freePv
                0x0000000000019008       0x44 ym/microbit-dal/source/microbit-dal.a(MicroBitHeapAllocator.cpp.o)
                0x0000000000019008                microbit_free(void*)
 .text._Z23system_timer_set_periodi
                0x000000000001904c       0x44 ym/microbit-dal/source/microbit-dal.a(MicroBitSystemTimer.cpp.o)
                0x000000000001904c                system_timer_set_period(int)
 .text._Z17system_timer_initi
                0x0000000000019090       0x54 ym/microbit-dal/source/microbit-dal.a(MicroBitSystemTimer.cpp.o)
                0x0000000000019090                system_timer_init(int)
 .text._Z23system_timer_get_periodv
                0x00000000000190e4        0xc ym/microbit-dal/source/microbit-dal.a(MicroBitSystemTimer.cpp.o)
                0x00000000000190e4                system_timer_get_period()
 .text._Z11update_timev
                0x00000000000190f0       0x44 ym/microbit-dal/source/microbit-dal.a(MicroBitSystemTimer.cpp.o)
                0x00000000000190f0                update_time()
 .text._Z17system_timer_tickv
                0x0000000000019134       0x24 ym/microbit-dal/source/microbit-dal.a(MicroBitSystemTimer.cpp.o)
                0x0000000000019134                system_timer_tick()
 .text._Z25system_timer_current_timev
                0x0000000000019158       0x1c ym/microbit-dal/source/microbit-dal.a(MicroBitSystemTimer.cpp.o)
                0x0000000000019158                system_timer_current_time()
 .text._Z28system_timer_current_time_usv
                0x0000000000019174       0x14 ym/microbit-dal/source/microbit-dal.a(MicroBitSystemTimer.cpp.o)
                0x0000000000019174                system_timer_current_time_us()
 .text._Z26system_timer_add_componentP17MicroBitComponent
                0x0000000000019188       0x3c ym/microbit-dal/source/microbit-dal.a(MicroBitSystemTimer.cpp.o)
                0x0000000000019188                system_timer_add_component(MicroBitComponent*)
 .text._Z29system_timer_remove_componentP17MicroBitComponent
                0x00000000000191c4       0x1c ym/microbit-dal/source/microbit-dal.a(MicroBitSystemTimer.cpp.o)
                0x00000000000191c4                system_timer_remove_component(MicroBitComponent*)
 .text._ZN13ManagedStringC2EPKc
                0x00000000000191e0       0x20 ym/microbit-dal/source/microbit-dal.a(ManagedString.cpp.o)
                0x00000000000191e0                ManagedString::ManagedString(char const*)
                0x00000000000191e0                ManagedString::ManagedString(char const*)
 .text._ZN13ManagedStringC2EPKcs
                0x0000000000019200       0x54 ym/microbit-dal/source/microbit-dal.a(ManagedString.cpp.o)
                0x0000000000019200                ManagedString::ManagedString(char const*, short)
                0x0000000000019200                ManagedString::ManagedString(char const*, short)
 .text._ZN13ManagedStringC2Ev
                0x0000000000019254        0xc ym/microbit-dal/source/microbit-dal.a(ManagedString.cpp.o)
                0x0000000000019254                ManagedString::ManagedString()
                0x0000000000019254                ManagedString::ManagedString()
 .text.startup._GLOBAL__sub_I__ZN13ManagedString9initEmptyEv
                0x0000000000019260       0x28 ym/microbit-dal/source/microbit-dal.a(ManagedString.cpp.o)
 .text._ZN13MicroBitEvent4fireEv
                0x0000000000019288       0x28 ym/microbit-dal/source/microbit-dal.a(MicroBitEvent.cpp.o)
                0x0000000000019288                MicroBitEvent::fire()
 .text.startup._GLOBAL__sub_I__ZN12PacketBuffer11EmptyPacketE
                0x00000000000192b0       0x24 ym/microbit-dal/source/microbit-dal.a(PacketBuffer.cpp.o)
 .text._ZL16isReadOnlyInlineP10RefCounted
                0x00000000000192d4       0x24 ym/microbit-dal/source/microbit-dal.a(RefCounted.cpp.o)
 .text._ZN21MicroBitAccelerometerD2Ev
                0x00000000000192f8       0x18 ym/microbit-dal/source/microbit-dal.a(MicroBitAccelerometer.cpp.o)
                0x00000000000192f8                MicroBitAccelerometer::~MicroBitAccelerometer()
                0x00000000000192f8                MicroBitAccelerometer::~MicroBitAccelerometer()
 .text._ZN21MicroBitAccelerometer9configureEv
                0x0000000000019310       0xfc ym/microbit-dal/source/microbit-dal.a(MicroBitAccelerometer.cpp.o)
                0x0000000000019310                MicroBitAccelerometer::configure()
 .text._ZN21MicroBitAccelerometer11readCommandEhPhi
                0x000000000001940c       0x4c ym/microbit-dal/source/microbit-dal.a(MicroBitAccelerometer.cpp.o)
                0x000000000001940c                MicroBitAccelerometer::readCommand(unsigned char, unsigned char*, int)
 .text._ZN21MicroBitAccelerometerC2ER11MicroBitI2Ctt
                0x0000000000019458       0x88 ym/microbit-dal/source/microbit-dal.a(MicroBitAccelerometer.cpp.o)
                0x0000000000019458                MicroBitAccelerometer::MicroBitAccelerometer(MicroBitI2C&, unsigned short, unsigned short)
                0x0000000000019458                MicroBitAccelerometer::MicroBitAccelerometer(MicroBitI2C&, unsigned short, unsigned short)
 .text._ZN21MicroBitAccelerometer12updateSampleEv
                0x00000000000194e0       0x80 ym/microbit-dal/source/microbit-dal.a(MicroBitAccelerometer.cpp.o)
                0x00000000000194e0                MicroBitAccelerometer::updateSample()
 .text._ZN21MicroBitAccelerometer20instantaneousPostureEv
                0x0000000000019560      0x200 ym/microbit-dal/source/microbit-dal.a(MicroBitAccelerometer.cpp.o)
                0x0000000000019560                MicroBitAccelerometer::instantaneousPosture()
 .text._ZN14MicroBitButton10systemTickEv
                0x0000000000019760       0xdc ym/microbit-dal/source/microbit-dal.a(MicroBitButton.cpp.o)
                0x0000000000019760                MicroBitButton::systemTick()
 .text._ZN14MicroBitButtonD2Ev
                0x000000000001983c       0x18 ym/microbit-dal/source/microbit-dal.a(MicroBitButton.cpp.o)
                0x000000000001983c                MicroBitButton::~MicroBitButton()
                0x000000000001983c                MicroBitButton::~MicroBitButton()
 .text._ZN14MicroBitButtonC2E7PinNamet32MicroBitButtonEventConfiguration7PinMode
                0x0000000000019854       0x5c ym/microbit-dal/source/microbit-dal.a(MicroBitButton.cpp.o)
                0x0000000000019854                MicroBitButton::MicroBitButton(PinName, unsigned short, MicroBitButtonEventConfiguration, PinMode)
                0x0000000000019854                MicroBitButton::MicroBitButton(PinName, unsigned short, MicroBitButtonEventConfiguration, PinMode)
 .text._ZN15MicroBitCompassD2Ev
                0x00000000000198b0       0x18 ym/microbit-dal/source/microbit-dal.a(MicroBitCompass.cpp.o)
                0x00000000000198b0                MicroBitCompass::~MicroBitCompass()
                0x00000000000198b0                MicroBitCompass::~MicroBitCompass()
 .text._ZN15MicroBitCompass11readCommandEhPhi
                0x00000000000198c8       0x4c ym/microbit-dal/source/microbit-dal.a(MicroBitCompass.cpp.o)
                0x00000000000198c8                MicroBitCompass::readCommand(unsigned char, unsigned char*, int)
 .text._ZN15MicroBitCompass6read16Eh
                0x0000000000019914       0x48 ym/microbit-dal/source/microbit-dal.a(MicroBitCompass.cpp.o)
                0x0000000000019914                MicroBitCompass::read16(unsigned char)
 .text._ZN15MicroBitCompass5read8Eh
                0x000000000001995c       0x24 ym/microbit-dal/source/microbit-dal.a(MicroBitCompass.cpp.o)
                0x000000000001995c                MicroBitCompass::read8(unsigned char)
 .text._ZN15MicroBitCompass12basicBearingEv
                0x0000000000019980       0x80 ym/microbit-dal/source/microbit-dal.a(MicroBitCompass.cpp.o)
                0x0000000000019980                MicroBitCompass::basicBearing()
 .text._ZN15MicroBitCompass22tiltCompensatedBearingEv
                0x0000000000019a00       0xfc ym/microbit-dal/source/microbit-dal.a(MicroBitCompass.cpp.o)
                0x0000000000019a00                MicroBitCompass::tiltCompensatedBearing()
 .text._ZN15MicroBitCompass9configureEv
                0x0000000000019afc       0x84 ym/microbit-dal/source/microbit-dal.a(MicroBitCompass.cpp.o)
                0x0000000000019afc                MicroBitCompass::configure()
 .text._ZN15MicroBitCompass9calibrateEv
                0x0000000000019b80       0x4c ym/microbit-dal/source/microbit-dal.a(MicroBitCompass.cpp.o)
                0x0000000000019b80                MicroBitCompass::calibrate()
 .text._ZN15MicroBitCompass7headingEv
                0x0000000000019bcc       0x30 ym/microbit-dal/source/microbit-dal.a(MicroBitCompass.cpp.o)
                0x0000000000019bcc                MicroBitCompass::heading()
 .text._ZN15MicroBitCompass14setCalibrationE13CompassSample
                0x0000000000019bfc       0x48 ym/microbit-dal/source/microbit-dal.a(MicroBitCompass.cpp.o)
                0x0000000000019bfc                MicroBitCompass::setCalibration(CompassSample)
 .text._ZN15MicroBitCompass4initEtt
                0x0000000000019c44       0x58 ym/microbit-dal/source/microbit-dal.a(MicroBitCompass.cpp.o)
                0x0000000000019c44                MicroBitCompass::init(unsigned short, unsigned short)
 .text._ZN15MicroBitCompassC2ER11MicroBitI2CR21MicroBitAccelerometerR15MicroBitStoragett
                0x0000000000019c9c       0x50 ym/microbit-dal/source/microbit-dal.a(MicroBitCompass.cpp.o)
                0x0000000000019c9c                MicroBitCompass::MicroBitCompass(MicroBitI2C&, MicroBitAccelerometer&, MicroBitStorage&, unsigned short, unsigned short)
                0x0000000000019c9c                MicroBitCompass::MicroBitCompass(MicroBitI2C&, MicroBitAccelerometer&, MicroBitStorage&, unsigned short, unsigned short)
 .text._ZN25MicroBitCompassCalibrator9calibrateE13MicroBitEvent
                0x0000000000019cec      0x364 ym/microbit-dal/source/microbit-dal.a(MicroBitCompassCalibrator.cpp.o)
                0x0000000000019cec                MicroBitCompassCalibrator::calibrate(MicroBitEvent)
 .text._ZN25MicroBitCompassCalibratorC2ER15MicroBitCompassR21MicroBitAccelerometerR15MicroBitDisplay
                0x000000000001a050       0x8c ym/microbit-dal/source/microbit-dal.a(MicroBitCompassCalibrator.cpp.o)
                0x000000000001a050                MicroBitCompassCalibrator::MicroBitCompassCalibrator(MicroBitCompass&, MicroBitAccelerometer&, MicroBitDisplay&)
                0x000000000001a050                MicroBitCompassCalibrator::MicroBitCompassCalibrator(MicroBitCompass&, MicroBitAccelerometer&, MicroBitDisplay&)
 .text._ZN15MicroBitDisplay15renderGreyscaleEv
                0x000000000001a0dc       0xfc ym/microbit-dal/source/microbit-dal.a(MicroBitDisplay.cpp.o)
                0x000000000001a0dc                MicroBitDisplay::renderGreyscale()
 .text._ZN4mbed6TickerD2Ev
                0x000000000001a1d8       0x1c ym/microbit-dal/source/microbit-dal.a(MicroBitDisplay.cpp.o)
                0x000000000001a1d8                mbed::Ticker::~Ticker()
                0x000000000001a1d8                mbed::Ticker::~Ticker()
 .text._ZN15MicroBitDisplayD2Ev
                0x000000000001a1f4       0x48 ym/microbit-dal/source/microbit-dal.a(MicroBitDisplay.cpp.o)
                0x000000000001a1f4                MicroBitDisplay::~MicroBitDisplay()
                0x000000000001a1f4                MicroBitDisplay::~MicroBitDisplay()
 .text._ZN15MicroBitDisplayC2EtRK9MatrixMap
                0x000000000001a23c       0xd8 ym/microbit-dal/source/microbit-dal.a(MicroBitDisplay.cpp.o)
                0x000000000001a23c                MicroBitDisplay::MicroBitDisplay(unsigned short, MatrixMap const&)
                0x000000000001a23c                MicroBitDisplay::MicroBitDisplay(unsigned short, MatrixMap const&)
 .text._ZN15MicroBitDisplay6renderEv
                0x000000000001a314       0xf4 ym/microbit-dal/source/microbit-dal.a(MicroBitDisplay.cpp.o)
                0x000000000001a314                MicroBitDisplay::render()
 .text._ZN15MicroBitDisplay26sendAnimationCompleteEventEv
                0x000000000001a408       0x24 ym/microbit-dal/source/microbit-dal.a(MicroBitDisplay.cpp.o)
                0x000000000001a408                MicroBitDisplay::sendAnimationCompleteEvent()
 .text._ZN15MicroBitDisplay13stopAnimationEv
                0x000000000001a42c       0x38 ym/microbit-dal/source/microbit-dal.a(MicroBitDisplay.cpp.o)
                0x000000000001a42c                MicroBitDisplay::stopAnimation()
 .text._ZN15MicroBitDisplay18waitForFreeDisplayEv
                0x000000000001a464       0x20 ym/microbit-dal/source/microbit-dal.a(MicroBitDisplay.cpp.o)
                0x000000000001a464                MicroBitDisplay::waitForFreeDisplay()
 .text._ZN15MicroBitDisplay9fiberWaitEv
                0x000000000001a484       0x2c ym/microbit-dal/source/microbit-dal.a(MicroBitDisplay.cpp.o)
                0x000000000001a484                MicroBitDisplay::fiberWait()
 .text._ZN15MicroBitDisplay14printCharAsyncEci
                0x000000000001a4b0       0x4c ym/microbit-dal/source/microbit-dal.a(MicroBitDisplay.cpp.o)
                0x000000000001a4b0                MicroBitDisplay::printCharAsync(char, int)
 .text._ZN15MicroBitDisplay10printAsyncE13ManagedStringi
                0x000000000001a4fc       0x6c ym/microbit-dal/source/microbit-dal.a(MicroBitDisplay.cpp.o)
                0x000000000001a4fc                MicroBitDisplay::printAsync(ManagedString, int)
 .text._ZN15MicroBitDisplay10printAsyncE13MicroBitImageiiii
                0x000000000001a568       0x54 ym/microbit-dal/source/microbit-dal.a(MicroBitDisplay.cpp.o)
                0x000000000001a568                MicroBitDisplay::printAsync(MicroBitImage, int, int, int, int)
 .text._ZN15MicroBitDisplay5printE13ManagedStringi
                0x000000000001a5bc       0x68 ym/microbit-dal/source/microbit-dal.a(MicroBitDisplay.cpp.o)
                0x000000000001a5bc                MicroBitDisplay::print(ManagedString, int)
 .text._ZN15MicroBitDisplay5printE13MicroBitImageiiii
                0x000000000001a624       0x64 ym/microbit-dal/source/microbit-dal.a(MicroBitDisplay.cpp.o)
                0x000000000001a624                MicroBitDisplay::print(MicroBitImage, int, int, int, int)
 .text._ZN15MicroBitDisplay11scrollAsyncE13ManagedStringi
                0x000000000001a688       0x54 ym/microbit-dal/source/microbit-dal.a(MicroBitDisplay.cpp.o)
                0x000000000001a688                MicroBitDisplay::scrollAsync(ManagedString, int)
 .text._ZN15MicroBitDisplay6scrollE13ManagedStringi
                0x000000000001a6dc       0x4c ym/microbit-dal/source/microbit-dal.a(MicroBitDisplay.cpp.o)
                0x000000000001a6dc                MicroBitDisplay::scroll(ManagedString, int)
 .text._ZN15MicroBitDisplay13setBrightnessEi
                0x000000000001a728       0x14 ym/microbit-dal/source/microbit-dal.a(MicroBitDisplay.cpp.o)
                0x000000000001a728                MicroBitDisplay::setBrightness(int)
 .text._ZN11MicroBitI2C4readEiPcib
                0x000000000001a73c       0x94 ym/microbit-dal/source/microbit-dal.a(MicroBitI2C.cpp.o)
                0x000000000001a73c                MicroBitI2C::read(int, char*, int, bool)
 .text._ZN11MicroBitI2C5writeEiPKcib
                0x000000000001a7d0       0x94 ym/microbit-dal/source/microbit-dal.a(MicroBitI2C.cpp.o)
                0x000000000001a7d0                MicroBitI2C::write(int, char const*, int, bool)
 .text._ZN18MicroBitMessageBus6removeEP16MicroBitListener
                0x000000000001a864       0x74 ym/microbit-dal/source/microbit-dal.a(MicroBitMessageBus.cpp.o)
                0x000000000001a864                MicroBitMessageBus::remove(MicroBitListener*)
 .text._ZN18MicroBitMessageBus3addEP16MicroBitListener
                0x000000000001a8d8       0xd0 ym/microbit-dal/source/microbit-dal.a(MicroBitMessageBus.cpp.o)
                0x000000000001a8d8                MicroBitMessageBus::add(MicroBitListener*)
 .text._ZN18MicroBitMessageBusD2Ev
                0x000000000001a9a8       0x20 ym/microbit-dal/source/microbit-dal.a(MicroBitMessageBus.cpp.o)
                0x000000000001a9a8                MicroBitMessageBus::~MicroBitMessageBus()
                0x000000000001a9a8                MicroBitMessageBus::~MicroBitMessageBus()
 .text._ZThn4_N18MicroBitMessageBusD1Ev
                0x000000000001a9c8       0x10 ym/microbit-dal/source/microbit-dal.a(MicroBitMessageBus.cpp.o)
                0x000000000001a9c8                non-virtual thunk to MicroBitMessageBus::~MicroBitMessageBus()
 .text._ZThn4_N18MicroBitMessageBusD0Ev
                0x000000000001a9d8       0x10 ym/microbit-dal/source/microbit-dal.a(MicroBitMessageBus.cpp.o)
                0x000000000001a9d8                non-virtual thunk to MicroBitMessageBus::~MicroBitMessageBus()
 .text._ZN18MicroBitMessageBusC2Ev
                0x000000000001a9e8       0x3c ym/microbit-dal/source/microbit-dal.a(MicroBitMessageBus.cpp.o)
                0x000000000001a9e8                MicroBitMessageBus::MicroBitMessageBus()
                0x000000000001a9e8                MicroBitMessageBus::MicroBitMessageBus()
 .text._ZN18MicroBitMessageBus7processER13MicroBitEventb
                0x000000000001aa24       0x84 ym/microbit-dal/source/microbit-dal.a(MicroBitMessageBus.cpp.o)
                0x000000000001aa24                MicroBitMessageBus::process(MicroBitEvent&, bool)
 .text._ZThn4_N18MicroBitMessageBus8idleTickEv
                0x000000000001aaa8       0x10 ym/microbit-dal/source/microbit-dal.a(MicroBitMessageBus.cpp.o)
                0x000000000001aaa8                non-virtual thunk to MicroBitMessageBus::idleTick()
 .text._ZN10EventModel6listenI19MicroBitMultiButtonEEittPT_MS2_Fv13MicroBitEventEt
                0x000000000001aab8       0xac ym/microbit-dal/source/microbit-dal.a(MicroBitMultiButton.cpp.o)
                0x000000000001aab8                int EventModel::listen<MicroBitMultiButton>(unsigned short, unsigned short, MicroBitMultiButton*, void (MicroBitMultiButton::*)(MicroBitEvent), unsigned short)
 .text._ZN19MicroBitMultiButtonC2Ettt
                0x000000000001ab64       0x70 ym/microbit-dal/source/microbit-dal.a(MicroBitMultiButton.cpp.o)
                0x000000000001ab64                MicroBitMultiButton::MicroBitMultiButton(unsigned short, unsigned short, unsigned short)
                0x000000000001ab64                MicroBitMultiButton::MicroBitMultiButton(unsigned short, unsigned short, unsigned short)
 .text._ZN11MicroBitPinC2Ei7PinName13PinCapability
                0x000000000001abd4       0x1c ym/microbit-dal/source/microbit-dal.a(MicroBitPin.cpp.o)
                0x000000000001abd4                MicroBitPin::MicroBitPin(int, PinName, PinCapability)
                0x000000000001abd4                MicroBitPin::MicroBitPin(int, PinName, PinCapability)
 .text._ZN13MicroBitRadioC2Et
                0x000000000001abf0       0x40 ym/microbit-dal/source/microbit-dal.a(MicroBitRadio.cpp.o)
                0x000000000001abf0                MicroBitRadio::MicroBitRadio(unsigned short)
                0x000000000001abf0                MicroBitRadio::MicroBitRadio(unsigned short)
 .text._ZN13MicroBitRadio7setRSSIEi
                0x000000000001ac30       0x14 ym/microbit-dal/source/microbit-dal.a(MicroBitRadio.cpp.o)
                0x000000000001ac30                MicroBitRadio::setRSSI(int)
 .text._ZN13MicroBitRadio7getRSSIEv
                0x000000000001ac44       0x14 ym/microbit-dal/source/microbit-dal.a(MicroBitRadio.cpp.o)
                0x000000000001ac44                MicroBitRadio::getRSSI()
 .text._ZN13MicroBitRadio10queueRxBufEv
                0x000000000001ac58       0x60 ym/microbit-dal/source/microbit-dal.a(MicroBitRadio.cpp.o)
                0x000000000001ac58                MicroBitRadio::queueRxBuf()
 .text.RADIO_IRQHandler
                0x000000000001acb8       0x64 ym/microbit-dal/source/microbit-dal.a(MicroBitRadio.cpp.o)
                0x000000000001acb8                RADIO_IRQHandler
 .text._ZN13MicroBitRadio4recvEv
                0x000000000001ad1c       0x28 ym/microbit-dal/source/microbit-dal.a(MicroBitRadio.cpp.o)
                0x000000000001ad1c                MicroBitRadio::recv()
 .text._ZN14MicroBitSerial4baudEi
                0x000000000001ad44       0x14 ym/microbit-dal/source/microbit-dal.a(MicroBitSerial.cpp.o)
                0x000000000001ad44                MicroBitSerial::baud(int)
 .text._ZN14MicroBitSerialC2E7PinNameS0_hh
                0x000000000001ad58       0x50 ym/microbit-dal/source/microbit-dal.a(MicroBitSerial.cpp.o)
                0x000000000001ad58                MicroBitSerial::MicroBitSerial(PinName, PinName, unsigned char, unsigned char)
                0x000000000001ad58                MicroBitSerial::MicroBitSerial(PinName, PinName, unsigned char, unsigned char)
 .text._ZN15MicroBitStorage4sizeEv
                0x000000000001ada8       0x60 ym/microbit-dal/source/microbit-dal.a(MicroBitStorage.cpp.o)
                0x000000000001ada8                MicroBitStorage::size()
 .text._ZN15MicroBitStorage3putEPKcPhi
                0x000000000001ae08      0x1a8 ym/microbit-dal/source/microbit-dal.a(MicroBitStorage.cpp.o)
                0x000000000001ae08                MicroBitStorage::put(char const*, unsigned char*, int)
 .text._ZN19MicroBitThermometerC2ER15MicroBitStoraget
                0x000000000001afb0       0x48 ym/microbit-dal/source/microbit-dal.a(MicroBitThermometer.cpp.o)
                0x000000000001afb0                MicroBitThermometer::MicroBitThermometer(MicroBitStorage&, unsigned short)
                0x000000000001afb0                MicroBitThermometer::MicroBitThermometer(MicroBitStorage&, unsigned short)
 .text._ZN19MicroBitThermometer12updateSampleEv
                0x000000000001aff8       0x8c ym/microbit-dal/source/microbit-dal.a(MicroBitThermometer.cpp.o)
                0x000000000001aff8                MicroBitThermometer::updateSample()
 .text._ZL18nvmc_event_handlerm
                0x000000000001b084       0x10 ym/microbit-dal/source/microbit-dal.a(MicroBitFlash.cpp.o)
 .text._ZN13MicroBitFlashC2Ev
                0x000000000001b094       0x24 ym/microbit-dal/source/microbit-dal.a(MicroBitFlash.cpp.o)
                0x000000000001b094                MicroBitFlash::MicroBitFlash()
                0x000000000001b094                MicroBitFlash::MicroBitFlash()
 .text._ZN13MicroBitFlash10erase_pageEPm
                0x000000000001b0b8       0x6c ym/microbit-dal/source/microbit-dal.a(MicroBitFlash.cpp.o)
                0x000000000001b0b8                MicroBitFlash::erase_page(unsigned long*)
 .text._ZN13MicroBitFlash10flash_burnEPmS0_i
                0x000000000001b124       0x7c ym/microbit-dal/source/microbit-dal.a(MicroBitFlash.cpp.o)
                0x000000000001b124                MicroBitFlash::flash_burn(unsigned long*, unsigned long*, int)
 .text._ZN18MicroBitBLEManagerD2Ev
                0x000000000001b1a0       0x20 ym/microbit-dal/source/microbit-dal.a(MicroBitBLEManager.cpp.o)
                0x000000000001b1a0                MicroBitBLEManager::~MicroBitBLEManager()
                0x000000000001b1a0                MicroBitBLEManager::~MicroBitBLEManager()
 .text._ZL25bleSysAttrMissingCallbackPK32GattSysAttrMissingCallbackParams
                0x000000000001b1c0       0xc8 ym/microbit-dal/source/microbit-dal.a(MicroBitBLEManager.cpp.o)
 .text._ZN18MicroBitBLEManager8idleTickEv
                0x000000000001b288      0x114 ym/microbit-dal/source/microbit-dal.a(MicroBitBLEManager.cpp.o)
                0x000000000001b288                MicroBitBLEManager::idleTick()
 .text._ZN18GapAdvertisingData8addFieldENS_10DataType_tEPKhhPh
                0x000000000001b39c       0xa8 ym/microbit-dal/source/microbit-dal.a(MicroBitBLEManager.cpp.o)
                0x000000000001b39c                GapAdvertisingData::addField(GapAdvertisingData::DataType_t, unsigned char const*, unsigned char, unsigned char*)
 .text._ZN18GattCharacteristicC2ERK4UUIDPhtthPP13GattAttributejb
                0x000000000001b444       0x94 ym/microbit-dal/source/microbit-dal.a(MicroBitBLEManager.cpp.o)
                0x000000000001b444                GattCharacteristic::GattCharacteristic(UUID const&, unsigned char*, unsigned short, unsigned short, unsigned char, GattAttribute**, unsigned int, bool)
                0x000000000001b444                GattCharacteristic::GattCharacteristic(UUID const&, unsigned char*, unsigned short, unsigned short, unsigned char, GattAttribute**, unsigned int, bool)
 .text._ZN3BLE22setAdvertisingIntervalEt
                0x000000000001b4d8       0x3c ym/microbit-dal/source/microbit-dal.a(MicroBitBLEManager.cpp.o)
                0x000000000001b4d8                BLE::setAdvertisingInterval(unsigned short)
 .text._ZN24DeviceInformationServiceC2ER3BLEPKcS3_S3_S3_S3_S3_
                0x000000000001b514      0x1dc ym/microbit-dal/source/microbit-dal.a(MicroBitBLEManager.cpp.o)
                0x000000000001b514                DeviceInformationService::DeviceInformationService(BLE&, char const*, char const*, char const*, char const*, char const*, char const*)
                0x000000000001b514                DeviceInformationService::DeviceInformationService(BLE&, char const*, char const*, char const*, char const*, char const*, char const*)
 .text._ZN18MicroBitBLEManagerC2ER15MicroBitStorage
                0x000000000001b6f0       0x38 ym/microbit-dal/source/microbit-dal.a(MicroBitBLEManager.cpp.o)
                0x000000000001b6f0                MicroBitBLEManager::MicroBitBLEManager(MicroBitStorage&)
                0x000000000001b6f0                MicroBitBLEManager::MicroBitBLEManager(MicroBitStorage&)
 .text._ZL24bleDisconnectionCallbackPKN3Gap29DisconnectionCallbackParams_tE
                0x000000000001b728       0x3c ym/microbit-dal/source/microbit-dal.a(MicroBitBLEManager.cpp.o)
 .text._ZN18MicroBitBLEManager16setTransmitPowerEi
                0x000000000001b764       0x34 ym/microbit-dal/source/microbit-dal.a(MicroBitBLEManager.cpp.o)
                0x000000000001b764                MicroBitBLEManager::setTransmitPower(int)
 .text._ZN18MicroBitBLEManager4initE13ManagedStringS0_R10EventModelb
                0x000000000001b798      0x2d8 ym/microbit-dal/source/microbit-dal.a(MicroBitBLEManager.cpp.o)
                0x000000000001b798                MicroBitBLEManager::init(ManagedString, ManagedString, EventModel&, bool)
 .text._ZL22passkeyDisplayCallbacktPKh
                0x000000000001ba70       0x34 ym/microbit-dal/source/microbit-dal.a(MicroBitBLEManager.cpp.o)
 .text._ZL30securitySetupCompletedCallbacktN15SecurityManager26SecurityCompletionStatus_tE
                0x000000000001baa4       0x40 ym/microbit-dal/source/microbit-dal.a(MicroBitBLEManager.cpp.o)
 .text._ZN18MicroBitBLEManager11pairingModeER15MicroBitDisplayR14MicroBitButton
                0x000000000001bae4      0x2a0 ym/microbit-dal/source/microbit-dal.a(MicroBitBLEManager.cpp.o)
                0x000000000001bae4                MicroBitBLEManager::pairingMode(MicroBitDisplay&, MicroBitButton&)
 .text._ZN18MicroBitDFUServiceC2ER3BLE
                0x000000000001bd84      0x180 ym/microbit-dal/source/microbit-dal.a(MicroBitDFUService.cpp.o)
                0x000000000001bd84                MicroBitDFUService::MicroBitDFUService(BLE&)
                0x000000000001bd84                MicroBitDFUService::MicroBitDFUService(BLE&)
 .text._ZN20MicroBitEventServiceC2ER3BLER10EventModel
                0x000000000001bf04      0x1fc ym/microbit-dal/source/microbit-dal.a(MicroBitEventService.cpp.o)
                0x000000000001bf04                MicroBitEventService::MicroBitEventService(BLE&, EventModel&)
                0x000000000001bf04                MicroBitEventService::MicroBitEventService(BLE&, EventModel&)
 .text._ZN16MicroBitListenerC2I20MicroBitEventServiceEEttPT_MS2_Fv13MicroBitEventEt
                0x000000000001c100       0x68 ym/microbit-dal/source/microbit-dal.a(MicroBitEventService.cpp.o)
                0x000000000001c100                MicroBitListener::MicroBitListener<MicroBitEventService>(unsigned short, unsigned short, MicroBitEventService*, void (MicroBitEventService::*)(MicroBitEvent), unsigned short)
                0x000000000001c100                MicroBitListener::MicroBitListener<MicroBitEventService>(unsigned short, unsigned short, MicroBitEventService*, void (MicroBitEventService::*)(MicroBitEvent), unsigned short)
 .text._ZN20MicroBitEventService13onDataWrittenEPK23GattWriteCallbackParams
                0x000000000001c168       0xa4 ym/microbit-dal/source/microbit-dal.a(MicroBitEventService.cpp.o)
                0x000000000001c168                MicroBitEventService::onDataWritten(GattWriteCallbackParams const*)
 .text._ZN20MicroBitEventService8idleTickEv
                0x000000000001c20c       0x50 ym/microbit-dal/source/microbit-dal.a(MicroBitEventService.cpp.o)
                0x000000000001c20c                MicroBitEventService::idleTick()
 .text          0x000000000001c25c      0x124 ym/microbit-dal/source/microbit-dal.a(CortexContextSwitch.s.obj)
                0x000000000001c25c                swap_context
                0x000000000001c2de                save_context
                0x000000000001c322                save_register_context
                0x000000000001c352                restore_register_context
 .text._Z14string_reversePc
                0x000000000001c380       0x2c ym/microbit-dal/source/microbit-dal.a(MicroBitCompat.cpp.o)
                0x000000000001c380                string_reverse(char*)
 .text._Z4itoaiPc
                0x000000000001c3ac       0x68 ym/microbit-dal/source/microbit-dal.a(MicroBitCompat.cpp.o)
                0x000000000001c3ac                itoa(int, char*)
 .text._ZN7Matrix4C2Eii
                0x000000000001c414       0x30 ym/microbit-dal/source/microbit-dal.a(Matrix4.cpp.o)
                0x000000000001c414                Matrix4::Matrix4(int, int)
                0x000000000001c414                Matrix4::Matrix4(int, int)
 .text._ZN7Matrix4C2ERKS_
                0x000000000001c444       0x44 ym/microbit-dal/source/microbit-dal.a(Matrix4.cpp.o)
                0x000000000001c444                Matrix4::Matrix4(Matrix4 const&)
                0x000000000001c444                Matrix4::Matrix4(Matrix4 const&)
 .text._ZN13MicroBitImageC2Ev
                0x000000000001c488        0xc ym/microbit-dal/source/microbit-dal.a(MicroBitImage.cpp.o)
                0x000000000001c488                MicroBitImage::MicroBitImage()
                0x000000000001c488                MicroBitImage::MicroBitImage()
 .text._ZN13MicroBitImage13setPixelValueEssh
                0x000000000001c494       0x2c ym/microbit-dal/source/microbit-dal.a(MicroBitImage.cpp.o)
                0x000000000001c494                MicroBitImage::setPixelValue(short, short, unsigned char)
 .text._ZN13MicroBitImage10printImageEssPKh
                0x000000000001c4c0       0x5c ym/microbit-dal/source/microbit-dal.a(MicroBitImage.cpp.o)
                0x000000000001c4c0                MicroBitImage::printImage(short, short, unsigned char const*)
 .text._ZN13MicroBitImage4initEssPKh
                0x000000000001c51c       0x50 ym/microbit-dal/source/microbit-dal.a(MicroBitImage.cpp.o)
                0x000000000001c51c                MicroBitImage::init(short, short, unsigned char const*)
 .text._ZN13MicroBitImageC2EPKc
                0x000000000001c56c       0xa0 ym/microbit-dal/source/microbit-dal.a(MicroBitImage.cpp.o)
                0x000000000001c56c                MicroBitImage::MicroBitImage(char const*)
                0x000000000001c56c                MicroBitImage::MicroBitImage(char const*)
 .text._ZN13MicroBitImage5printEcss
                0x000000000001c60c       0x90 ym/microbit-dal/source/microbit-dal.a(MicroBitImage.cpp.o)
                0x000000000001c60c                MicroBitImage::print(char, short, short)
 .text._ZN13MicroBitImage9shiftLeftEs
                0x000000000001c69c       0x54 ym/microbit-dal/source/microbit-dal.a(MicroBitImage.cpp.o)
                0x000000000001c69c                MicroBitImage::shiftLeft(short)
 .text.startup._GLOBAL__sub_I__ZN13MicroBitImage10EmptyImageE
                0x000000000001c6f0       0x28 ym/microbit-dal/source/microbit-dal.a(MicroBitImage.cpp.o)
 .text._ZN3BLE8InstanceEj
                0x000000000001c718       0x5c ym/ble/source/ble.a(BLE.cpp.o)
                0x000000000001c718                BLE::Instance(unsigned int)
 .text._ZN3BLEC2Ej
                0x000000000001c774       0x2c ym/ble/source/ble.a(BLE.cpp.o)
                0x000000000001c774                BLE::BLE(unsigned int)
                0x000000000001c774                BLE::BLE(unsigned int)
 .text._ZNK3BLE3gapEv
                0x000000000001c7a0       0x20 ym/ble/source/ble.a(BLE.cpp.o)
                0x000000000001c7a0                BLE::gap() const
 .text._ZNK3BLE10gattServerEv
                0x000000000001c7c0       0x20 ym/ble/source/ble.a(BLE.cpp.o)
                0x000000000001c7c0                BLE::gattServer() const
 .text._ZNK3BLE15securityManagerEv
                0x000000000001c7e0       0x20 ym/ble/source/ble.a(BLE.cpp.o)
                0x000000000001c7e0                BLE::securityManager() const
 .text._ZL16sys_evt_dispatchm
                0x000000000001c800       0x1c ym/ble-nrf51822/source/ble-nrf51822.a(btle.cpp.o)
 .text._ZL12btle_handlerP9ble_evt_t
                0x000000000001c81c      0x17c ym/ble-nrf51822/source/ble-nrf51822.a(btle.cpp.o)
 .text.btle_set_gatt_table_size
                0x000000000001c998       0x14 ym/ble-nrf51822/source/ble-nrf51822.a(btle.cpp.o)
                0x000000000001c998                btle_set_gatt_table_size
 .text.btle_set_user_evt_handler
                0x000000000001c9ac        0xc ym/ble-nrf51822/source/ble-nrf51822.a(btle.cpp.o)
                0x000000000001c9ac                btle_set_user_evt_handler
 .text.btle_init
                0x000000000001c9b8       0xa4 ym/ble-nrf51822/source/ble-nrf51822.a(btle.cpp.o)
                0x000000000001c9b8                btle_init
 .text.app_error_handler
                0x000000000001ca5c       0x20 ym/ble-nrf51822/source/ble-nrf51822.a(btle.cpp.o)
                0x000000000001ca5c                app_error_handler
 .text._Z13btle_gap_initv
                0x000000000001ca7c       0x54 ym/ble-nrf51822/source/ble-nrf51822.a(btle_gap.cpp.o)
                0x000000000001ca7c                btle_gap_init()
 .text._ZNK3Gap25getMaxAdvertisingIntervalEv
                0x000000000001cad0        0x8 ym/ble-nrf51822/source/ble-nrf51822.a(nRF5xn.cpp.o)
                0x000000000001cad0                Gap::getMaxAdvertisingInterval() const
 .text._ZN10GattClient16discoverServicesEt26FunctionPointerWithContextIPK17DiscoveredServiceERK4UUID
                0x000000000001cad8       0x60 ym/ble-nrf51822/source/ble-nrf51822.a(nRF5xn.cpp.o)
                0x000000000001cad8                GattClient::discoverServices(unsigned short, FunctionPointerWithContext<DiscoveredService const*>, UUID const&)
 .text._ZNK6nRF5xn18getSecurityManagerEv
                0x000000000001cb38       0x34 ym/ble-nrf51822/source/ble-nrf51822.a(nRF5xn.cpp.o)
                0x000000000001cb38                nRF5xn::getSecurityManager() const
 .text._ZN6nRF5xn13getGattClientEv
                0x000000000001cb6c       0x48 ym/ble-nrf51822/source/ble-nrf51822.a(nRF5xn.cpp.o)
                0x000000000001cb6c                nRF5xn::getGattClient()
 .text._ZN6nRF5xn10getVersionEv
                0x000000000001cbb4       0x74 ym/ble-nrf51822/source/ble-nrf51822.a(nRF5xn.cpp.o)
                0x000000000001cbb4                nRF5xn::getVersion()
 .text._ZN38CallChainOfFunctionPointersWithContextIPK23GattWriteCallbackParamsED2Ev
                0x000000000001cc28       0x14 ym/ble-nrf51822/source/ble-nrf51822.a(nRF5xn.cpp.o)
                0x000000000001cc28                CallChainOfFunctionPointersWithContext<GattWriteCallbackParams const*>::~CallChainOfFunctionPointersWithContext()
                0x000000000001cc28                CallChainOfFunctionPointersWithContext<GattWriteCallbackParams const*>::~CallChainOfFunctionPointersWithContext()
 .text._ZN38CallChainOfFunctionPointersWithContextIPK22GattReadCallbackParamsED2Ev
                0x000000000001cc3c       0x14 ym/ble-nrf51822/source/ble-nrf51822.a(nRF5xn.cpp.o)
                0x000000000001cc3c                CallChainOfFunctionPointersWithContext<GattReadCallbackParams const*>::~CallChainOfFunctionPointersWithContext()
                0x000000000001cc3c                CallChainOfFunctionPointersWithContext<GattReadCallbackParams const*>::~CallChainOfFunctionPointersWithContext()
 .text._ZN38CallChainOfFunctionPointersWithContextIjED2Ev
                0x000000000001cc50       0x20 ym/ble-nrf51822/source/ble-nrf51822.a(nRF5xn.cpp.o)
                0x000000000001cc50                CallChainOfFunctionPointersWithContext<unsigned int>::~CallChainOfFunctionPointersWithContext()
                0x000000000001cc50                CallChainOfFunctionPointersWithContext<unsigned int>::~CallChainOfFunctionPointersWithContext()
 .text._ZN38CallChainOfFunctionPointersWithContextIPK32GattSysAttrMissingCallbackParamsED2Ev
                0x000000000001cc70       0x20 ym/ble-nrf51822/source/ble-nrf51822.a(nRF5xn.cpp.o)
                0x000000000001cc70                CallChainOfFunctionPointersWithContext<GattSysAttrMissingCallbackParams const*>::~CallChainOfFunctionPointersWithContext()
                0x000000000001cc70                CallChainOfFunctionPointersWithContext<GattSysAttrMissingCallbackParams const*>::~CallChainOfFunctionPointersWithContext()
 .text._ZN38CallChainOfFunctionPointersWithContextIPK10GattServerED2Ev
                0x000000000001cc90       0x20 ym/ble-nrf51822/source/ble-nrf51822.a(nRF5xn.cpp.o)
                0x000000000001cc90                CallChainOfFunctionPointersWithContext<GattServer const*>::~CallChainOfFunctionPointersWithContext()
                0x000000000001cc90                CallChainOfFunctionPointersWithContext<GattServer const*>::~CallChainOfFunctionPointersWithContext()
 .text._ZN38CallChainOfFunctionPointersWithContextIPK21GattHVXCallbackParamsED2Ev
                0x000000000001ccb0       0x20 ym/ble-nrf51822/source/ble-nrf51822.a(nRF5xn.cpp.o)
                0x000000000001ccb0                CallChainOfFunctionPointersWithContext<GattHVXCallbackParams const*>::~CallChainOfFunctionPointersWithContext()
                0x000000000001ccb0                CallChainOfFunctionPointersWithContext<GattHVXCallbackParams const*>::~CallChainOfFunctionPointersWithContext()
 .text._ZN38CallChainOfFunctionPointersWithContextIPK10GattClientED2Ev
                0x000000000001ccd0       0x20 ym/ble-nrf51822/source/ble-nrf51822.a(nRF5xn.cpp.o)
                0x000000000001ccd0                CallChainOfFunctionPointersWithContext<GattClient const*>::~CallChainOfFunctionPointersWithContext()
                0x000000000001ccd0                CallChainOfFunctionPointersWithContext<GattClient const*>::~CallChainOfFunctionPointersWithContext()
 .text._ZN38CallChainOfFunctionPointersWithContextIN3Gap15TimeoutSource_tEED2Ev
                0x000000000001ccf0       0x20 ym/ble-nrf51822/source/ble-nrf51822.a(nRF5xn.cpp.o)
                0x000000000001ccf0                CallChainOfFunctionPointersWithContext<Gap::TimeoutSource_t>::~CallChainOfFunctionPointersWithContext()
                0x000000000001ccf0                CallChainOfFunctionPointersWithContext<Gap::TimeoutSource_t>::~CallChainOfFunctionPointersWithContext()
 .text._ZN38CallChainOfFunctionPointersWithContextIPKN3Gap26ConnectionCallbackParams_tEED2Ev
                0x000000000001cd10       0x20 ym/ble-nrf51822/source/ble-nrf51822.a(nRF5xn.cpp.o)
                0x000000000001cd10                CallChainOfFunctionPointersWithContext<Gap::ConnectionCallbackParams_t const*>::~CallChainOfFunctionPointersWithContext()
                0x000000000001cd10                CallChainOfFunctionPointersWithContext<Gap::ConnectionCallbackParams_t const*>::~CallChainOfFunctionPointersWithContext()
 .text._ZN38CallChainOfFunctionPointersWithContextIPKN3Gap29DisconnectionCallbackParams_tEED2Ev
                0x000000000001cd30       0x20 ym/ble-nrf51822/source/ble-nrf51822.a(nRF5xn.cpp.o)
                0x000000000001cd30                CallChainOfFunctionPointersWithContext<Gap::DisconnectionCallbackParams_t const*>::~CallChainOfFunctionPointersWithContext()
                0x000000000001cd30                CallChainOfFunctionPointersWithContext<Gap::DisconnectionCallbackParams_t const*>::~CallChainOfFunctionPointersWithContext()
 .text._ZN38CallChainOfFunctionPointersWithContextIPK3GapED2Ev
                0x000000000001cd50       0x20 ym/ble-nrf51822/source/ble-nrf51822.a(nRF5xn.cpp.o)
                0x000000000001cd50                CallChainOfFunctionPointersWithContext<Gap const*>::~CallChainOfFunctionPointersWithContext()
                0x000000000001cd50                CallChainOfFunctionPointersWithContext<Gap const*>::~CallChainOfFunctionPointersWithContext()
 .text._ZN38CallChainOfFunctionPointersWithContextIPK15SecurityManagerED2Ev
                0x000000000001cd70       0x20 ym/ble-nrf51822/source/ble-nrf51822.a(nRF5xn.cpp.o)
                0x000000000001cd70                CallChainOfFunctionPointersWithContext<SecurityManager const*>::~CallChainOfFunctionPointersWithContext()
                0x000000000001cd70                CallChainOfFunctionPointersWithContext<SecurityManager const*>::~CallChainOfFunctionPointersWithContext()
 .text._ZN6nRF5xn18getSecurityManagerEv
                0x000000000001cd90       0x34 ym/ble-nrf51822/source/ble-nrf51822.a(nRF5xn.cpp.o)
                0x000000000001cd90                nRF5xn::getSecurityManager()
 .text._ZN6nRF5xnD2Ev
                0x000000000001cdc4       0x54 ym/ble-nrf51822/source/ble-nrf51822.a(nRF5xn.cpp.o)
                0x000000000001cdc4                nRF5xn::~nRF5xn()
                0x000000000001cdc4                nRF5xn::~nRF5xn()
 .text._ZN3Gap5resetEv
                0x000000000001ce18       0xd0 ym/ble-nrf51822/source/ble-nrf51822.a(nRF5xn.cpp.o)
                0x000000000001ce18                Gap::reset()
 .text._ZN6nRF5xnC2Ev
                0x000000000001cee8      0x13c ym/ble-nrf51822/source/ble-nrf51822.a(nRF5xn.cpp.o)
                0x000000000001cee8                nRF5xn::nRF5xn()
                0x000000000001cee8                nRF5xn::nRF5xn()
 .text._ZN6nRF5xn8InstanceEj
                0x000000000001d024       0x24 ym/ble-nrf51822/source/ble-nrf51822.a(nRF5xn.cpp.o)
                0x000000000001d024                nRF5xn::Instance(unsigned int)
 .text._ZN26FunctionPointerWithContextItEC2EPFvtE
                0x000000000001d048       0x20 ym/ble-nrf51822/source/ble-nrf51822.a(nRF5xn.cpp.o)
                0x000000000001d048                FunctionPointerWithContext<unsigned short>::FunctionPointerWithContext(void (*)(unsigned short))
                0x000000000001d048                FunctionPointerWithContext<unsigned short>::FunctionPointerWithContext(void (*)(unsigned short))
 .text._ZN15nRF5xGattServerC2Ev
                0x000000000001d068       0xc0 ym/ble-nrf51822/source/ble-nrf51822.a(nRF5xn.cpp.o)
                0x000000000001d068                nRF5xGattServer::nRF5xGattServer()
                0x000000000001d068                nRF5xGattServer::nRF5xGattServer()
 .text._ZN15nRF5xGattServer4readEtPhPt
                0x000000000001d128       0x18 ym/ble-nrf51822/source/ble-nrf51822.a(nRF5xGattServer.cpp.o)
                0x000000000001d128                nRF5xGattServer::read(unsigned short, unsigned char*, unsigned short*)
 .text._ZN15nRF5xGattServer5writeEtPKhtb
                0x000000000001d140       0x1c ym/ble-nrf51822/source/ble-nrf51822.a(nRF5xGattServer.cpp.o)
                0x000000000001d140                nRF5xGattServer::write(unsigned short, unsigned char const*, unsigned short, bool)
 .text._ZN15nRF5xGattServer5writeEttPKhtb
                0x000000000001d15c       0xf0 ym/ble-nrf51822/source/ble-nrf51822.a(nRF5xGattServer.cpp.o)
                0x000000000001d15c                nRF5xGattServer::write(unsigned short, unsigned short, unsigned char const*, unsigned short, bool)
 .text._ZN15nRF5xGattServer10addServiceER11GattService
                0x000000000001d24c      0x1dc ym/ble-nrf51822/source/ble-nrf51822.a(nRF5xGattServer.cpp.o)
                0x000000000001d24c                nRF5xGattServer::addService(GattService&)
 .text._ZN15nRF5xGattServer5resetEv
                0x000000000001d428       0x50 ym/ble-nrf51822/source/ble-nrf51822.a(nRF5xGattServer.cpp.o)
                0x000000000001d428                nRF5xGattServer::reset()
 .text._ZN8nRF5xGap25getPermittedTxPowerValuesEPPKaPj
                0x000000000001d478       0x10 ym/ble-nrf51822/source/ble-nrf51822.a(nRF5xGap.cpp.o)
                0x000000000001d478                nRF5xGap::getPermittedTxPowerValues(signed char const**, unsigned int*)
 .text._Z31radioNotificationStaticCallbackb
                0x000000000001d488       0x3c ym/ble-nrf51822/source/ble-nrf51822.a(nRF5xGap.cpp.o)
                0x000000000001d488                radioNotificationStaticCallback(bool)
 .text._ZN8nRF5xGap21initRadioNotificationEv
                0x000000000001d4c4       0x1c ym/ble-nrf51822/source/ble-nrf51822.a(nRF5xGap.cpp.o)
                0x000000000001d4c4                nRF5xGap::initRadioNotification()
 .text._ZN8nRF5xGap22generateStackWhitelistER19ble_gap_whitelist_t
                0x000000000001d4e0       0xe0 ym/ble-nrf51822/source/ble-nrf51822.a(nRF5xGap.cpp.o)
                0x000000000001d4e0                nRF5xGap::generateStackWhitelist(ble_gap_whitelist_t&)
 .text._ZN8nRF5xGap16startAdvertisingERK20GapAdvertisingParams
                0x000000000001d5c0       0xac ym/ble-nrf51822/source/ble-nrf51822.a(nRF5xGap.cpp.o)
                0x000000000001d5c0                nRF5xGap::startAdvertising(GapAdvertisingParams const&)
 .text._ZN8nRF5xGap7connectEPKhN11BLEProtocol11AddressType4TypeEPKN3Gap18ConnectionParams_tEPK17GapScanningParams
                0x000000000001d66c       0xec ym/ble-nrf51822/source/ble-nrf51822.a(nRF5xGap.cpp.o)
                0x000000000001d66c                nRF5xGap::connect(unsigned char const*, BLEProtocol::AddressType::Type, Gap::ConnectionParams_t const*, GapScanningParams const*)
 .text.custom_convert_to_nordic_uuid
                0x000000000001d758       0xa0 ym/ble-nrf51822/source/ble-nrf51822.a(custom_helper.cpp.o)
                0x000000000001d758                custom_convert_to_nordic_uuid
 .text.custom_add_in_descriptor
                0x000000000001d7f8       0x6c ym/ble-nrf51822/source/ble-nrf51822.a(custom_helper.cpp.o)
                0x000000000001d7f8                custom_add_in_descriptor
 .text._ZL10dm_handlerPK13device_handlePK10dm_event_tm
                0x000000000001d864       0xa4 ym/ble-nrf51822/source/ble-nrf51822.a(btle_security.cpp.o)
 .text._Z27btle_hasInitializedSecurityv
                0x000000000001d908        0xc ym/ble-nrf51822/source/ble-nrf51822.a(btle_security.cpp.o)
                0x000000000001d908                btle_hasInitializedSecurity()
 .text._Z23btle_initializeSecuritybbN15SecurityManager24SecurityIOCapabilities_tEPKh
                0x000000000001d914       0xd8 ym/ble-nrf51822/source/ble-nrf51822.a(btle_security.cpp.o)
                0x000000000001d914                btle_initializeSecurity(bool, bool, SecurityManager::SecurityIOCapabilities_t, unsigned char const*)
 .text._Z25btle_purgeAllBondingStatev
                0x000000000001d9ec       0x24 ym/ble-nrf51822/source/ble-nrf51822.a(btle_security.cpp.o)
                0x000000000001d9ec                btle_purgeAllBondingState()
 .text._Z20btle_getLinkSecuritytPN15SecurityManager20LinkSecurityStatus_tE
                0x000000000001da10       0x48 ym/ble-nrf51822/source/ble-nrf51822.a(btle_security.cpp.o)
                0x000000000001da10                btle_getLinkSecurity(unsigned short, SecurityManager::LinkSecurityStatus_t*)
 .text._Z20btle_setLinkSecuritytN15SecurityManager14SecurityMode_tE
                0x000000000001da58       0x4c ym/ble-nrf51822/source/ble-nrf51822.a(btle_security.cpp.o)
                0x000000000001da58                btle_setLinkSecurity(unsigned short, SecurityManager::SecurityMode_t)
 .text._Z33btle_createWhitelistFromBondTableP19ble_gap_whitelist_t
                0x000000000001daa4       0x30 ym/ble-nrf51822/source/ble-nrf51822.a(btle_security.cpp.o)
                0x000000000001daa4                btle_createWhitelistFromBondTable(ble_gap_whitelist_t*)
 .text._ZN17GapScanningParamsC2Etttb
                0x000000000001dad4       0x68 ym/ble/source/ble.a(GapScanningParams.cpp.o)
                0x000000000001dad4                GapScanningParams::GapScanningParams(unsigned short, unsigned short, unsigned short, bool)
                0x000000000001dad4                GapScanningParams::GapScanningParams(unsigned short, unsigned short, unsigned short, bool)
 .text.gatts_context_store
                0x000000000001db3c       0xb4 ym/nrf51-sdk/source/nrf51-sdk.a(device_manager_peripheral.c.o)
 .text.device_context_store
                0x000000000001dbf0       0xb0 ym/nrf51-sdk/source/nrf51-sdk.a(device_manager_peripheral.c.o)
 .text.gatts_context_apply
                0x000000000001dca0       0xc0 ym/nrf51-sdk/source/nrf51-sdk.a(device_manager_peripheral.c.o)
 .text.gatts_context_load
                0x000000000001dd60       0x34 ym/nrf51-sdk/source/nrf51-sdk.a(device_manager_peripheral.c.o)
 .text.peer_instance_init
                0x000000000001dd94       0x48 ym/nrf51-sdk/source/nrf51-sdk.a(device_manager_peripheral.c.o)
 .text.device_instance_free
                0x000000000001dddc       0x2c ym/nrf51-sdk/source/nrf51-sdk.a(device_manager_peripheral.c.o)
 .text.dm_pstorage_cb_handler
                0x000000000001de08      0x124 ym/nrf51-sdk/source/nrf51-sdk.a(device_manager_peripheral.c.o)
 .text.dm_init  0x000000000001df2c       0xd4 ym/nrf51-sdk/source/nrf51-sdk.a(device_manager_peripheral.c.o)
                0x000000000001df2c                dm_init
 .text.dm_register
                0x000000000001e000       0x74 ym/nrf51-sdk/source/nrf51-sdk.a(device_manager_peripheral.c.o)
                0x000000000001e000                dm_register
 .text.dm_security_status_req
                0x000000000001e074       0x70 ym/nrf51-sdk/source/nrf51-sdk.a(device_manager_peripheral.c.o)
                0x000000000001e074                dm_security_status_req
 .text.dm_whitelist_create
                0x000000000001e0e4       0xcc ym/nrf51-sdk/source/nrf51-sdk.a(device_manager_peripheral.c.o)
                0x000000000001e0e4                dm_whitelist_create
 .text.dm_device_delete_all
                0x000000000001e1b0       0x58 ym/nrf51-sdk/source/nrf51-sdk.a(device_manager_peripheral.c.o)
                0x000000000001e1b0                dm_device_delete_all
 .text.dm_application_context_set
                0x000000000001e208        0x8 ym/nrf51-sdk/source/nrf51-sdk.a(device_manager_peripheral.c.o)
                0x000000000001e208                dm_application_context_set
 .text.dm_peer_addr_get
                0x000000000001e210       0x84 ym/nrf51-sdk/source/nrf51-sdk.a(device_manager_peripheral.c.o)
                0x000000000001e210                dm_peer_addr_get
 .text.dm_distributed_keys_get
                0x000000000001e294       0xb0 ym/nrf51-sdk/source/nrf51-sdk.a(device_manager_peripheral.c.o)
                0x000000000001e294                dm_distributed_keys_get
 .text.bond_data_load
                0x000000000001e344       0x48 ym/nrf51-sdk/source/nrf51-sdk.a(device_manager_peripheral.c.o)
                0x000000000001e344                bond_data_load
 .text.address_to_device_id
                0x000000000001e38c       0x2c ym/nrf51-sdk/source/nrf51-sdk.a(device_manager_peripheral.c.o)
                0x000000000001e38c                address_to_device_id
 .text.dm_ble_evt_handler
                0x000000000001e3b8      0x380 ym/nrf51-sdk/source/nrf51-sdk.a(device_manager_peripheral.c.o)
                0x000000000001e3b8                dm_ble_evt_handler
 .text.dm_handle_get
                0x000000000001e738       0x48 ym/nrf51-sdk/source/nrf51-sdk.a(device_manager_peripheral.c.o)
                0x000000000001e738                dm_handle_get
 .text.SWI1_IRQHandler
                0x000000000001e780       0x20 ym/nrf51-sdk/source/nrf51-sdk.a(ble_radio_notification.c.o)
                0x000000000001e780                SWI1_IRQHandler
 .text.ble_radio_notification_init
                0x000000000001e7a0       0x38 ym/nrf51-sdk/source/nrf51-sdk.a(ble_radio_notification.c.o)
                0x000000000001e7a0                ble_radio_notification_init
 .text.pstorage_flash_page_end
                0x000000000001e7d8       0x20 ym/nrf51-sdk/source/nrf51-sdk.a(pstorage.c.o)
 .text.swap_sub_state_entry_action_run
                0x000000000001e7f8       0x18 ym/nrf51-sdk/source/nrf51-sdk.a(pstorage.c.o)
 .text.app_notify
                0x000000000001e810       0x2c ym/nrf51-sdk/source/nrf51-sdk.a(pstorage.c.o)
 .text.is_page_erase_required
                0x000000000001e83c       0x50 ym/nrf51-sdk/source/nrf51-sdk.a(pstorage.c.o)
 .text.swap_sub_state_err_busy_process
                0x000000000001e88c       0x18 ym/nrf51-sdk/source/nrf51-sdk.a(pstorage.c.o)
 .text.data_to_swap_write_state_run
                0x000000000001e8a4       0x30 ym/nrf51-sdk/source/nrf51-sdk.a(pstorage.c.o)
 .text.swap_erase_state_run
                0x000000000001e8d4       0x24 ym/nrf51-sdk/source/nrf51-sdk.a(pstorage.c.o)
 .text.flash_api_err_code_process
                0x000000000001e8f8       0x40 ym/nrf51-sdk/source/nrf51-sdk.a(pstorage.c.o)
 .text.store_cmd_flash_write_execute
                0x000000000001e938       0x54 ym/nrf51-sdk/source/nrf51-sdk.a(pstorage.c.o)
 .text.state_restore_head_entry_run
                0x000000000001e98c       0x34 ym/nrf51-sdk/source/nrf51-sdk.a(pstorage.c.o)
 .text.state_restore_tail_entry_run
                0x000000000001e9c0       0x48 ym/nrf51-sdk/source/nrf51-sdk.a(pstorage.c.o)
 .text.state_write_data_swap_entry_run
                0x000000000001ea08       0x2c ym/nrf51-sdk/source/nrf51-sdk.a(pstorage.c.o)
 .text.state_data_erase_entry_run
                0x000000000001ea34       0x14 ym/nrf51-sdk/source/nrf51-sdk.a(pstorage.c.o)
 .text.state_entry_action_run
                0x000000000001ea48       0xd0 ym/nrf51-sdk/source/nrf51-sdk.a(pstorage.c.o)
 .text.clear_operation_execute
                0x000000000001eb18      0x144 ym/nrf51-sdk/source/nrf51-sdk.a(pstorage.c.o)
 .text.cmd_process
                0x000000000001ec5c       0x44 ym/nrf51-sdk/source/nrf51-sdk.a(pstorage.c.o)
 .text.cmd_queue_enqueue
                0x000000000001eca0       0x54 ym/nrf51-sdk/source/nrf51-sdk.a(pstorage.c.o)
 .text.command_end_procedure_run
                0x000000000001ecf4       0x54 ym/nrf51-sdk/source/nrf51-sdk.a(pstorage.c.o)
 .text.clear_post_processing_run
                0x000000000001ed48       0x2c ym/nrf51-sdk/source/nrf51-sdk.a(pstorage.c.o)
 .text.head_restore_state_run
                0x000000000001ed74       0x98 ym/nrf51-sdk/source/nrf51-sdk.a(pstorage.c.o)
 .text.tail_restore_state_run
                0x000000000001ee0c       0x1c ym/nrf51-sdk/source/nrf51-sdk.a(pstorage.c.o)
 .text.data_page_erase_state_run
                0x000000000001ee28       0x74 ym/nrf51-sdk/source/nrf51-sdk.a(pstorage.c.o)
 .text.flash_operation_success_run
                0x000000000001ee9c       0x98 ym/nrf51-sdk/source/nrf51-sdk.a(pstorage.c.o)
 .text.pstorage_sys_event_handler
                0x000000000001ef34       0x68 ym/nrf51-sdk/source/nrf51-sdk.a(pstorage.c.o)
                0x000000000001ef34                pstorage_sys_event_handler
 .text.pstorage_init
                0x000000000001ef9c       0x80 ym/nrf51-sdk/source/nrf51-sdk.a(pstorage.c.o)
                0x000000000001ef9c                pstorage_init
 .text.pstorage_register
                0x000000000001f01c       0xbc ym/nrf51-sdk/source/nrf51-sdk.a(pstorage.c.o)
                0x000000000001f01c                pstorage_register
 .text.pstorage_block_identifier_get
                0x000000000001f0d8       0x4c ym/nrf51-sdk/source/nrf51-sdk.a(pstorage.c.o)
                0x000000000001f0d8                pstorage_block_identifier_get
 .text.pstorage_store
                0x000000000001f124       0x78 ym/nrf51-sdk/source/nrf51-sdk.a(pstorage.c.o)
                0x000000000001f124                pstorage_store
 .text.pstorage_update
                0x000000000001f19c       0x78 ym/nrf51-sdk/source/nrf51-sdk.a(pstorage.c.o)
                0x000000000001f19c                pstorage_update
 .text.pstorage_load
                0x000000000001f214       0x98 ym/nrf51-sdk/source/nrf51-sdk.a(pstorage.c.o)
                0x000000000001f214                pstorage_load
 .text.pstorage_clear
                0x000000000001f2ac       0x84 ym/nrf51-sdk/source/nrf51-sdk.a(pstorage.c.o)
                0x000000000001f2ac                pstorage_clear
 .text.intern_softdevice_events_execute
                0x000000000001f330       0xac ym/nrf51-sdk/source/nrf51-sdk.a(softdevice_handler.c.o)
                0x000000000001f330                intern_softdevice_events_execute
 .text.softdevice_handler_init
                0x000000000001f3dc       0x48 ym/nrf51-sdk/source/nrf51-sdk.a(softdevice_handler.c.o)
                0x000000000001f3dc                softdevice_handler_init
 .text.softdevice_handler_sd_disable
                0x000000000001f424       0x18 ym/nrf51-sdk/source/nrf51-sdk.a(softdevice_handler.c.o)
                0x000000000001f424                softdevice_handler_sd_disable
 .text.softdevice_ble_evt_handler_set
                0x000000000001f43c       0x14 ym/nrf51-sdk/source/nrf51-sdk.a(softdevice_handler.c.o)
                0x000000000001f43c                softdevice_ble_evt_handler_set
 .text.softdevice_sys_evt_handler_set
                0x000000000001f450       0x14 ym/nrf51-sdk/source/nrf51-sdk.a(softdevice_handler.c.o)
                0x000000000001f450                softdevice_sys_evt_handler_set
 .text.SWI2_IRQHandler
                0x000000000001f464       0x24 ym/nrf51-sdk/source/nrf51-sdk.a(softdevice_handler.c.o)
                0x000000000001f464                SWI2_IRQHandler
 .text.dfu_app_on_dfu_evt
                0x000000000001f488      0x16c ym/nrf51-sdk/source/nrf51-sdk.a(dfu_app_handler.c.o)
                0x000000000001f488                dfu_app_on_dfu_evt
 .text.ble_dfu_response_send
                0x000000000001f5f4       0x64 ym/nrf51-sdk/source/nrf51-sdk.a(ble_dfu.c.o)
                0x000000000001f5f4                ble_dfu_response_send
 .text.bootloader_util_app_start
                0x000000000001f658       0x3c ym/nrf51-sdk/source/nrf51-sdk.a(bootloader_util.c.o)
                0x000000000001f658                bootloader_util_app_start
 .text._ZN4mbed11InterruptInD2Ev
                0x000000000001f694       0x18 ym/mbed-classic/existing/mbed-classic.a(InterruptIn.cpp.o)
                0x000000000001f694                mbed::InterruptIn::~InterruptIn()
                0x000000000001f694                mbed::InterruptIn::~InterruptIn()
 .text._ZN4mbed11InterruptInC2E7PinName
                0x000000000001f6ac       0x48 ym/mbed-classic/existing/mbed-classic.a(InterruptIn.cpp.o)
                0x000000000001f6ac                mbed::InterruptIn::InterruptIn(PinName)
                0x000000000001f6ac                mbed::InterruptIn::InterruptIn(PinName)
 .text._ZN4mbed10TimerEventC2Ev
                0x000000000001f6f4       0x2c ym/mbed-classic/existing/mbed-classic.a(TimerEvent.cpp.o)
                0x000000000001f6f4                mbed::TimerEvent::TimerEvent()
                0x000000000001f6f4                mbed::TimerEvent::TimerEvent()
 .text._ZN4mbed10TimerEventD2Ev
                0x000000000001f720       0x18 ym/mbed-classic/existing/mbed-classic.a(TimerEvent.cpp.o)
                0x000000000001f720                mbed::TimerEvent::~TimerEvent()
                0x000000000001f720                mbed::TimerEvent::~TimerEvent()
 .text._ZN4mbed3I2CC2E7PinNameS1_
                0x000000000001f738       0x30 ym/mbed-classic/existing/mbed-classic.a(I2C.cpp.o)
                0x000000000001f738                mbed::I2C::I2C(PinName, PinName)
                0x000000000001f738                mbed::I2C::I2C(PinName, PinName)
 .text._ZN4mbed3I2C6aquireEv
                0x000000000001f768       0x1c ym/mbed-classic/existing/mbed-classic.a(I2C.cpp.o)
                0x000000000001f768                mbed::I2C::aquire()
 .text._ZN4mbed9RawSerialC2E7PinNameS1_
                0x000000000001f784       0x14 ym/mbed-classic/existing/mbed-classic.a(RawSerial.cpp.o)
                0x000000000001f784                mbed::RawSerial::RawSerial(PinName, PinName)
                0x000000000001f784                mbed::RawSerial::RawSerial(PinName, PinName)
 .text._sbrk    0x000000000001f798       0x28 ym/mbed-classic/existing/mbed-classic.a(retarget.cpp.o)
                0x000000000001f798                _sbrk
 .text._ZN4mbed10SerialBaseC2E7PinNameS1_
                0x000000000001f7c0       0x3c ym/mbed-classic/existing/mbed-classic.a(SerialBase.cpp.o)
                0x000000000001f7c0                mbed::SerialBase::SerialBase(PinName, PinName)
                0x000000000001f7c0                mbed::SerialBase::SerialBase(PinName, PinName)
 .text._ZN4mbed7TimeoutD2Ev
                0x000000000001f7fc       0x1c ym/mbed-classic/existing/mbed-classic.a(Timeout.cpp.o)
                0x000000000001f7fc                mbed::Timeout::~Timeout()
                0x000000000001f7fc                mbed::Timeout::~Timeout()
 .text.get_us_ticker_data
                0x000000000001f818        0x8 ym/mbed-classic/existing/mbed-classic.a(us_ticker_api.c.o)
                0x000000000001f818                get_us_ticker_data
 .text.us_ticker_irq_handler
                0x000000000001f820       0x10 ym/mbed-classic/existing/mbed-classic.a(us_ticker_api.c.o)
                0x000000000001f820                us_ticker_irq_handler
 .text.gpio_init
                0x000000000001f830       0x30 ym/mbed-classic/existing/mbed-classic.a(gpio_api.c.o)
                0x000000000001f830                gpio_init
 .text.twi_master_clear_bus
                0x000000000001f860       0xb4 ym/mbed-classic/existing/mbed-classic.a(twi_master.c.o)
 .text.twi_master_init_and_clear
                0x000000000001f914       0x74 ym/mbed-classic/existing/mbed-classic.a(twi_master.c.o)
                0x000000000001f914                twi_master_init_and_clear
 .text.tmr1_getCounter64
                0x000000000001f988       0x50 ym/mbed-classic/existing/mbed-classic.a(us_ticker.c.o)
 .text.TIMER1_IRQHandler
                0x000000000001f9d8       0x50 ym/mbed-classic/existing/mbed-classic.a(us_ticker.c.o)
                0x000000000001f9d8                TIMER1_IRQHandler
 .text.us_ticker_init
                0x000000000001fa28       0x8c ym/mbed-classic/existing/mbed-classic.a(us_ticker.c.o)
                0x000000000001fa28                us_ticker_init
 .text.us_ticker_read
                0x000000000001fab4       0x18 ym/mbed-classic/existing/mbed-classic.a(us_ticker.c.o)
                0x000000000001fab4                us_ticker_read
 .text.us_ticker_set_interrupt
                0x000000000001facc       0x54 ym/mbed-classic/existing/mbed-classic.a(us_ticker.c.o)
                0x000000000001facc                us_ticker_set_interrupt
 .text.i2c_do_write
                0x000000000001fb20       0x28 ym/mbed-classic/existing/mbed-classic.a(i2c_api.c.o)
                0x000000000001fb20                i2c_do_write
 .text.i2c_do_read
                0x000000000001fb48       0x3c ym/mbed-classic/existing/mbed-classic.a(i2c_api.c.o)
                0x000000000001fb48                i2c_do_read
 .text.i2c_frequency
                0x000000000001fb84       0x48 ym/mbed-classic/existing/mbed-classic.a(i2c_api.c.o)
                0x000000000001fb84                i2c_frequency
 .text.twi_master_init
                0x000000000001fbcc       0x44 ym/mbed-classic/existing/mbed-classic.a(i2c_api.c.o)
                0x000000000001fbcc                twi_master_init
 .text.i2c_init
                0x000000000001fc10       0xc4 ym/mbed-classic/existing/mbed-classic.a(i2c_api.c.o)
                0x000000000001fc10                i2c_init
 .text.i2c_reset
                0x000000000001fcd4       0x30 ym/mbed-classic/existing/mbed-classic.a(i2c_api.c.o)
                0x000000000001fcd4                i2c_reset
 .text.i2c_stop
                0x000000000001fd04       0x34 ym/mbed-classic/existing/mbed-classic.a(i2c_api.c.o)
                0x000000000001fd04                i2c_stop
 .text.checkError
                0x000000000001fd38       0x28 ym/mbed-classic/existing/mbed-classic.a(i2c_api.c.o)
                0x000000000001fd38                checkError
 .text.serial_baud.part.0
                0x000000000001fd60       0x38 ym/mbed-classic/existing/mbed-classic.a(serial_api.c.o)
 .text.serial_init
                0x000000000001fd98       0xb8 ym/mbed-classic/existing/mbed-classic.a(serial_api.c.o)
                0x000000000001fd98                serial_init
 .text.serial_baud
                0x000000000001fe50       0x20 ym/mbed-classic/existing/mbed-classic.a(serial_api.c.o)
                0x000000000001fe50                serial_baud
 .text.UART0_IRQHandler
                0x000000000001fe70       0x4c ym/mbed-classic/existing/mbed-classic.a(serial_api.c.o)
                0x000000000001fe70                UART0_IRQHandler
 .text.serial_irq_handler
                0x000000000001febc       0x18 ym/mbed-classic/existing/mbed-classic.a(serial_api.c.o)
                0x000000000001febc                serial_irq_handler
 .text.TIMER2_IRQHandler
                0x000000000001fed4       0x68 ym/mbed-classic/existing/mbed-classic.a(pwmout_api.c.o)
                0x000000000001fed4                TIMER2_IRQHandler
 .text.port_init
                0x000000000001ff3c       0x28 ym/mbed-classic/existing/mbed-classic.a(port_api.c.o)
                0x000000000001ff3c                port_init
 .text.GPIOTE_IRQHandler
                0x000000000001ff64       0xf4 ym/mbed-classic/existing/mbed-classic.a(gpio_irq_api.c.o)
                0x000000000001ff64                GPIOTE_IRQHandler
 .text.gpio_irq_init
                0x0000000000020058       0x60 ym/mbed-classic/existing/mbed-classic.a(gpio_irq_api.c.o)
                0x0000000000020058                gpio_irq_init
 .text.gpio_irq_free
                0x00000000000200b8       0x10 ym/mbed-classic/existing/mbed-classic.a(gpio_irq_api.c.o)
                0x00000000000200b8                gpio_irq_free
 .text.gpio_irq_set
                0x00000000000200c8       0x9c ym/mbed-classic/existing/mbed-classic.a(gpio_irq_api.c.o)
                0x00000000000200c8                gpio_irq_set
 .text          0x0000000000020164       0x48 ym/mbed-classic/existing/mbed-classic.a(startup_NRF51822.S.obj)
                0x0000000000020164                Reset_Handler
                0x00000000000201a0                NMI_Handler
                0x00000000000201a2                HardFault_Handler
                0x00000000000201a4                SVC_Handler
                0x00000000000201a6                PendSV_Handler
                0x00000000000201a8                SysTick_Handler
                0x00000000000201aa                SPI0_TWI0_IRQHandler
                0x00000000000201aa                RTC0_IRQHandler
                0x00000000000201aa                POWER_CLOCK_IRQHandler
                0x00000000000201aa                LPCOMP_IRQHandler
                0x00000000000201aa                SWI4_IRQHandler
                0x00000000000201aa                TEMP_IRQHandler
                0x00000000000201aa                QDEC_IRQHandler
                0x00000000000201aa                SWI5_IRQHandler
                0x00000000000201aa                TIMER0_IRQHandler
                0x00000000000201aa                SWI0_IRQHandler
                0x00000000000201aa                ECB_IRQHandler
                0x00000000000201aa                Default_Handler
                0x00000000000201aa                ADC_IRQHandler
                0x00000000000201aa                SWI3_IRQHandler
                0x00000000000201aa                CCM_AAR_IRQHandler
                0x00000000000201aa                WDT_IRQHandler
                0x00000000000201aa                RNG_IRQHandler
                0x00000000000201aa                SPI1_TWI1_IRQHandler
                0x00000000000201aa                RTC1_IRQHandler
 .text.SystemInit
                0x00000000000201ac       0xac ym/mbed-classic/existing/mbed-classic.a(system_nrf51.c.o)
                0x00000000000201ac                SystemInit
 .text._ZSt15get_new_handlerv
                0x0000000000020258        0xc /usr/bin/../lib/gcc/arm-none-eabi/7.2.1/../../../../arm-none-eabi/lib/thumb/v6-m/libstdc++_nano.a(new_handler.o)
                0x0000000000020258                std::get_new_handler()
 .text          0x0000000000020264       0x14 /usr/bin/../lib/gcc/arm-none-eabi/7.2.1/thumb/v6-m/libgcc.a(_thumb1_case_uqi.o)
                0x0000000000020264                __gnu_thumb1_case_uqi
 .text          0x0000000000020278      0x114 /usr/bin/../lib/gcc/arm-none-eabi/7.2.1/thumb/v6-m/libgcc.a(_udivsi3.o)
                0x0000000000020278                __udivsi3
                0x0000000000020278                __aeabi_uidiv
                0x0000000000020384                __aeabi_uidivmod
 .text          0x000000000002038c      0x1d4 /usr/bin/../lib/gcc/arm-none-eabi/7.2.1/thumb/v6-m/libgcc.a(_divsi3.o)
                0x000000000002038c                __aeabi_idiv
                0x000000000002038c                __divsi3
                0x0000000000020558                __aeabi_idivmod
 .text          0x0000000000020560        0x4 /usr/bin/../lib/gcc/arm-none-eabi/7.2.1/thumb/v6-m/libgcc.a(_dvmd_tls.o)
                0x0000000000020560                __aeabi_ldiv0
                0x0000000000020560                __aeabi_idiv0
 .text          0x0000000000020564       0x74 /usr/bin/../lib/gcc/arm-none-eabi/7.2.1/thumb/v6-m/libgcc.a(_arm_cmpsf2.o)
                0x0000000000020564                __aeabi_cfrcmple
                0x000000000002056c                __aeabi_cfcmple
                0x000000000002056c                __aeabi_cfcmpeq
                0x000000000002057c                __aeabi_fcmpeq
                0x0000000000020588                __aeabi_fcmplt
                0x000000000002059c                __aeabi_fcmple
                0x00000000000205b0                __aeabi_fcmpgt
                0x00000000000205c4                __aeabi_fcmpge
 .text          0x00000000000205d8       0x40 /usr/bin/../lib/gcc/arm-none-eabi/7.2.1/thumb/v6-m/libgcc.a(_aeabi_uldivmod.o)
                0x00000000000205d8                __aeabi_uldivmod
 .text          0x0000000000020618       0x30 /usr/bin/../lib/gcc/arm-none-eabi/7.2.1/thumb/v6-m/libgcc.a(_fixunssfsi.o)
                0x0000000000020618                __aeabi_f2uiz
                0x0000000000020618                __fixunssfsi
 .text          0x0000000000020648      0x184 /usr/bin/../lib/gcc/arm-none-eabi/7.2.1/thumb/v6-m/libgcc.a(_udivmoddi4.o)
                0x0000000000020648                __udivmoddi4
 .text          0x00000000000207cc      0x334 /usr/bin/../lib/gcc/arm-none-eabi/7.2.1/thumb/v6-m/libgcc.a(addsf3.o)
                0x00000000000207cc                __aeabi_fadd
 .text          0x0000000000020b00      0x224 /usr/bin/../lib/gcc/arm-none-eabi/7.2.1/thumb/v6-m/libgcc.a(divsf3.o)
                0x0000000000020b00                __aeabi_fdiv
 .text          0x0000000000020d24       0x50 /usr/bin/../lib/gcc/arm-none-eabi/7.2.1/thumb/v6-m/libgcc.a(eqsf2.o)
                0x0000000000020d24                __nesf2
                0x0000000000020d24                __eqsf2
 .text          0x0000000000020d74       0x9c /usr/bin/../lib/gcc/arm-none-eabi/7.2.1/thumb/v6-m/libgcc.a(gesf2.o)
                0x0000000000020d74                __gtsf2
                0x0000000000020d74                __gesf2
 .text          0x0000000000020e10       0xa0 /usr/bin/../lib/gcc/arm-none-eabi/7.2.1/thumb/v6-m/libgcc.a(lesf2.o)
                0x0000000000020e10                __lesf2
                0x0000000000020e10                __ltsf2
 .text          0x0000000000020eb0      0x264 /usr/bin/../lib/gcc/arm-none-eabi/7.2.1/thumb/v6-m/libgcc.a(mulsf3.o)
                0x0000000000020eb0                __aeabi_fmul
 .text          0x0000000000021114      0x388 /usr/bin/../lib/gcc/arm-none-eabi/7.2.1/thumb/v6-m/libgcc.a(subsf3.o)
                0x0000000000021114                __aeabi_fsub
 .text          0x000000000002149c       0x40 /usr/bin/../lib/gcc/arm-none-eabi/7.2.1/thumb/v6-m/libgcc.a(fixsfsi.o)
                0x000000000002149c                __aeabi_f2iz
 .text          0x00000000000214dc       0x94 /usr/bin/../lib/gcc/arm-none-eabi/7.2.1/thumb/v6-m/libgcc.a(floatsisf.o)
                0x00000000000214dc                __aeabi_i2f
 .text          0x0000000000021570       0x80 /usr/bin/../lib/gcc/arm-none-eabi/7.2.1/thumb/v6-m/libgcc.a(floatunsisf.o)
                0x0000000000021570                __aeabi_ui2f
 .text          0x00000000000215f0      0x638 /usr/bin/../lib/gcc/arm-none-eabi/7.2.1/thumb/v6-m/libgcc.a(adddf3.o)
                0x00000000000215f0                __aeabi_dadd
 .text          0x0000000000021c28      0x604 /usr/bin/../lib/gcc/arm-none-eabi/7.2.1/thumb/v6-m/libgcc.a(divdf3.o)
                0x0000000000021c28                __aeabi_ddiv
 .text          0x000000000002222c      0x4e4 /usr/bin/../lib/gcc/arm-none-eabi/7.2.1/thumb/v6-m/libgcc.a(muldf3.o)
                0x000000000002222c                __aeabi_dmul
 .text          0x0000000000022710      0x690 /usr/bin/../lib/gcc/arm-none-eabi/7.2.1/thumb/v6-m/libgcc.a(subdf3.o)
                0x0000000000022710                __aeabi_dsub
 .text          0x0000000000022da0       0x6c /usr/bin/../lib/gcc/arm-none-eabi/7.2.1/thumb/v6-m/libgcc.a(fixdfsi.o)
                0x0000000000022da0                __aeabi_d2iz
 .text          0x0000000000022e0c       0x74 /usr/bin/../lib/gcc/arm-none-eabi/7.2.1/thumb/v6-m/libgcc.a(floatsidf.o)
                0x0000000000022e0c                __aeabi_i2d
 .text          0x0000000000022e80       0xa4 /usr/bin/../lib/gcc/arm-none-eabi/7.2.1/thumb/v6-m/libgcc.a(extendsfdf2.o)
                0x0000000000022e80                __aeabi_f2d
 .text          0x0000000000022f24      0x108 /usr/bin/../lib/gcc/arm-none-eabi/7.2.1/thumb/v6-m/libgcc.a(truncdfsf2.o)
                0x0000000000022f24                __aeabi_d2f
 .text          0x000000000002302c       0x3c /usr/bin/../lib/gcc/arm-none-eabi/7.2.1/thumb/v6-m/libgcc.a(_clzsi2.o)
                0x000000000002302c                __clzsi2
 .text          0x0000000000023068       0x18 /usr/bin/../lib/gcc/arm-none-eabi/7.2.1/thumb/v6-m/libgcc.a(_clzdi2.o)
                0x0000000000023068                __clzdi2
 .text.atan     0x0000000000023080      0x328 /usr/bin/../lib/gcc/arm-none-eabi/7.2.1/../../../../arm-none-eabi/lib/thumb/v6-m/libm.a(lib_a-s_atan.o)
                0x0000000000023080                atan
 .text.fabs     0x00000000000233a8        0x8 /usr/bin/../lib/gcc/arm-none-eabi/7.2.1/../../../../arm-none-eabi/lib/thumb/v6-m/libm.a(lib_a-s_fabs.o)
                0x00000000000233a8                fabs
 .text.cosf     0x00000000000233b0       0x7c /usr/bin/../lib/gcc/arm-none-eabi/7.2.1/../../../../arm-none-eabi/lib/thumb/v6-m/libm.a(lib_a-sf_cos.o)
                0x00000000000233b0                cosf
 .text.sinf     0x000000000002342c       0x7c /usr/bin/../lib/gcc/arm-none-eabi/7.2.1/../../../../arm-none-eabi/lib/thumb/v6-m/libm.a(lib_a-sf_sin.o)
                0x000000000002342c                sinf
 .text.atan2    0x00000000000234a8        0x8 /usr/bin/../lib/gcc/arm-none-eabi/7.2.1/../../../../arm-none-eabi/lib/thumb/v6-m/libm.a(lib_a-w_atan2.o)
                0x00000000000234a8                atan2
 .text.atan2f   0x00000000000234b0        0x8 /usr/bin/../lib/gcc/arm-none-eabi/7.2.1/../../../../arm-none-eabi/lib/thumb/v6-m/libm.a(lib_a-wf_atan2.o)
                0x00000000000234b0                atan2f
 .text.__ieee754_atan2
                0x00000000000234b8      0x178 /usr/bin/../lib/gcc/arm-none-eabi/7.2.1/../../../../arm-none-eabi/lib/thumb/v6-m/libm.a(lib_a-e_atan2.o)
                0x00000000000234b8                __ieee754_atan2
 .text.__ieee754_atan2f
                0x0000000000023630      0x128 /usr/bin/../lib/gcc/arm-none-eabi/7.2.1/../../../../arm-none-eabi/lib/thumb/v6-m/libm.a(lib_a-ef_atan2.o)
                0x0000000000023630                __ieee754_atan2f
 .text.__ieee754_rem_pio2f
                0x0000000000023758      0x308 /usr/bin/../lib/gcc/arm-none-eabi/7.2.1/../../../../arm-none-eabi/lib/thumb/v6-m/libm.a(lib_a-ef_rem_pio2.o)
                0x0000000000023758                __ieee754_rem_pio2f
 .text.__kernel_cosf
                0x0000000000023a60      0x194 /usr/bin/../lib/gcc/arm-none-eabi/7.2.1/../../../../arm-none-eabi/lib/thumb/v6-m/libm.a(lib_a-kf_cos.o)
                0x0000000000023a60                __kernel_cosf
 .text.__kernel_rem_pio2f
                0x0000000000023bf4      0x700 /usr/bin/../lib/gcc/arm-none-eabi/7.2.1/../../../../arm-none-eabi/lib/thumb/v6-m/libm.a(lib_a-kf_rem_pio2.o)
                0x0000000000023bf4                __kernel_rem_pio2f
 .text.__kernel_sinf
                0x00000000000242f4       0xf4 /usr/bin/../lib/gcc/arm-none-eabi/7.2.1/../../../../arm-none-eabi/lib/thumb/v6-m/libm.a(lib_a-kf_sin.o)
                0x00000000000242f4                __kernel_sinf
 .text.atanf    0x00000000000243e8      0x228 /usr/bin/../lib/gcc/arm-none-eabi/7.2.1/../../../../arm-none-eabi/lib/thumb/v6-m/libm.a(lib_a-sf_atan.o)
                0x00000000000243e8                atanf
 .text.fabsf    0x0000000000024610        0x8 /usr/bin/../lib/gcc/arm-none-eabi/7.2.1/../../../../arm-none-eabi/lib/thumb/v6-m/libm.a(lib_a-sf_fabs.o)
                0x0000000000024610                fabsf
 .text.floorf   0x0000000000024618       0x94 /usr/bin/../lib/gcc/arm-none-eabi/7.2.1/../../../../arm-none-eabi/lib/thumb/v6-m/libm.a(lib_a-sf_floor.o)
                0x0000000000024618                floorf
 .text.scalbnf  0x00000000000246ac       0xc8 /usr/bin/../lib/gcc/arm-none-eabi/7.2.1/../../../../arm-none-eabi/lib/thumb/v6-m/libm.a(lib_a-sf_scalbn.o)
                0x00000000000246ac                scalbnf
 .text.copysignf
                0x0000000000024774        0xc /usr/bin/../lib/gcc/arm-none-eabi/7.2.1/../../../../arm-none-eabi/lib/thumb/v6-m/libm.a(lib_a-sf_copysign.o)
                0x0000000000024774                copysignf
 .text.__cxa_atexit
                0x0000000000024780       0x1c /usr/bin/../lib/gcc/arm-none-eabi/7.2.1/../../../../arm-none-eabi/lib/thumb/v6-m/libc_nano.a(lib_a-cxa_atexit.o)
                0x0000000000024780                __cxa_atexit
 .text.exit     0x000000000002479c       0x2c /usr/bin/../lib/gcc/arm-none-eabi/7.2.1/../../../../arm-none-eabi/lib/thumb/v6-m/libc_nano.a(lib_a-exit.o)
                0x000000000002479c                exit
 .text.__libc_init_array
                0x00000000000247c8       0x48 /usr/bin/../lib/gcc/arm-none-eabi/7.2.1/../../../../arm-none-eabi/lib/thumb/v6-m/libc_nano.a(lib_a-init.o)
                0x00000000000247c8                __libc_init_array
 .text.malloc   0x0000000000024810       0x14 /usr/bin/../lib/gcc/arm-none-eabi/7.2.1/../../../../arm-none-eabi/lib/thumb/v6-m/libc_nano.a(lib_a-malloc.o)
                0x0000000000024810                malloc
 .text.free     0x0000000000024824       0x14 /usr/bin/../lib/gcc/arm-none-eabi/7.2.1/../../../../arm-none-eabi/lib/thumb/v6-m/libc_nano.a(lib_a-malloc.o)
                0x0000000000024824                free
 .text._free_r  0x0000000000024838       0x94 /usr/bin/../lib/gcc/arm-none-eabi/7.2.1/../../../../arm-none-eabi/lib/thumb/v6-m/libc_nano.a(lib_a-nano-freer.o)
                0x0000000000024838                _free_r
 .text._malloc_r
                0x00000000000248cc       0xbc /usr/bin/../lib/gcc/arm-none-eabi/7.2.1/../../../../arm-none-eabi/lib/thumb/v6-m/libc_nano.a(lib_a-nano-mallocr.o)
                0x00000000000248cc                _malloc_r
 .text._sbrk_r  0x0000000000024988       0x24 /usr/bin/../lib/gcc/arm-none-eabi/7.2.1/../../../../arm-none-eabi/lib/thumb/v6-m/libc_nano.a(lib_a-sbrkr.o)
                0x0000000000024988                _sbrk_r
 .text.raise    0x00000000000249ac       0x14 /usr/bin/../lib/gcc/arm-none-eabi/7.2.1/../../../../arm-none-eabi/lib/thumb/v6-m/libc_nano.a(lib_a-signal.o)
                0x00000000000249ac                raise
 .text._kill_r  0x00000000000249c0       0x24 /usr/bin/../lib/gcc/arm-none-eabi/7.2.1/../../../../arm-none-eabi/lib/thumb/v6-m/libc_nano.a(lib_a-signalr.o)
                0x00000000000249c0                _kill_r
 .text.snprintf
                0x00000000000249e4       0x64 /usr/bin/../lib/gcc/arm-none-eabi/7.2.1/../../../../arm-none-eabi/lib/thumb/v6-m/libc_nano.a(lib_a-snprintf.o)
                0x00000000000249e4                snprintf
                0x00000000000249e4                sniprintf
 .text._strtol_l.isra.0
                0x0000000000024a48      0x104 /usr/bin/../lib/gcc/arm-none-eabi/7.2.1/../../../../arm-none-eabi/lib/thumb/v6-m/libc_nano.a(lib_a-strtol.o)
 .text.strtol   0x0000000000024b4c       0x28 /usr/bin/../lib/gcc/arm-none-eabi/7.2.1/../../../../arm-none-eabi/lib/thumb/v6-m/libc_nano.a(lib_a-strtol.o)
                0x0000000000024b4c                strtol
 .text.__ssputs_r
                0x0000000000024b74       0xc4 /usr/bin/../lib/gcc/arm-none-eabi/7.2.1/../../../../arm-none-eabi/lib/thumb/v6-m/libc_nano.a(lib_a-nano-svfprintf.o)
                0x0000000000024b74                __ssputs_r
 .text._svfprintf_r
                0x0000000000024c38      0x1fc /usr/bin/../lib/gcc/arm-none-eabi/7.2.1/../../../../arm-none-eabi/lib/thumb/v6-m/libc_nano.a(lib_a-nano-svfprintf.o)
                0x0000000000024c38                _svfprintf_r
                0x0000000000024c38                _svfiprintf_r
 .text._printf_i
                0x0000000000024e34      0x210 /usr/bin/../lib/gcc/arm-none-eabi/7.2.1/../../../../arm-none-eabi/lib/thumb/v6-m/libc_nano.a(lib_a-nano-vfprintf_i.o)
                0x0000000000024e34                _printf_i